[www.pornweek.nz/index.html]
[backblue.gif]
[fade.gif]
[index.html]
[assets.website-files.com/61af03ac30e53bb54ccb7095/css/prnweek.webflow.19548f598.css]
[assets.website-files.com/61af03ac30e53bb54ccb7095/635f06dd0124f46803fb76d9_PW Favicon 32.png]
[assets.website-files.com/61af03ac30e53bb54ccb7095/635f06e15dee7914fe6820fd_PW Favicon 256.png]
[www.googletagmanager.com/gtag/js7090]
[cdn.jsdelivr.net/npm/@finsweet/attributes-cmsslider@1/cmsslider.js]
[cdn.jsdelivr.net/npm/@finsweet/attributes-cmsfilter@1/cmsfilter.js]
[cdn.jsdelivr.net/npm/@finsweet/attributes-cmsload@1/cmsload.js]
[cdn.jsdelivr.net/npm/swiper/swiper-bundle.min.css]
[vod-progressive.akamaized.net/exp=1685496265_acl=/vimeo-prod-skyfire-std-us/01/2816/30/764083875/3482193759.mp4_hmac=15d1b5039be0729b7c172350b15/vimeo-prod-skyfire-std-us/01/2816/30/764083875/34821937594d6f.mp4]
[thelightproject.co.nz/whanau/index.html]
[assets.website-files.com/61af03ac30e53bb54ccb7095/635110647f762940ca036cce_shape.webp]
[thelightproject.co.nz/youth/index.html]
[assets.website-files.com/61af03ac30e53bb54ccb7095/635107347963e06383add440_fact_one.webp]
[thelightproject.co.nz/youth/great-sex-vs-porn-sex/index.html]
[thelightproject.co.nz/youth/can-porn-affect-us/index.html]
[www.intheknow.co.nz/want-to-cut-down/index.html]
[www.pornweek.nz/index877d.html]
[thelightproject.co.nz/index.html]
[assets.website-files.com/61af03ac30e53bb54ccb7095/6361bc187ecbe80bf6a789ee_PornWeek-transcode.mp4]
[assets.website-files.com/61af03ac30e53bb54ccb7095/6361bc187ecbe80bf6a789ee_PornWeek-transcode.webm]
[assets.website-files.com/61af03ac30e53bb54ccb7095/6360b3fa78f08d42ae3a3cac_new-field-arrow.png]
[www.w3.org/2000/svg.html]
[assets.website-files.com/61af03ac30e53bb54ccb7095/636200b459a8ce4810227838_Story 8.png]
[assets.website-files.com/61af03ac30e53bb54ccb7095/63620615d29481ce159950a6_635a49cec20a8b410cf12800_Story 1-transcode-transcode.mp4]
[assets.website-files.com/61af03ac30e53bb54ccb7095/63620615d29481ce159950a6_635a49cec20a8b410cf12800_Story 1-transcode-transcode.webm]
[assets.website-files.com/61af03ac30e53bb54ccb7095/636201d24bfbf56cb0bdee2e_Story 21-transcode.mp4]
[assets.website-files.com/61af03ac30e53bb54ccb7095/636201d24bfbf56cb0bdee2e_Story 21-transcode.webm]
[assets.website-files.com/61af03ac30e53bb54ccb7095/6362d856f0cd4424fdfbb177_Story 23-sm.png]
[www.intheknow.co.nz/feeling-uncomfortable/index.html]
[assets.website-files.com/61af03ac30e53bb54ccb7095/636202f66b1c4fd08c63e992_Story 12 Dark-transcode.mp4]
[assets.website-files.com/61af03ac30e53bb54ccb7095/636202f66b1c4fd08c63e992_Story 12 Dark-transcode.webm]
[assets.website-files.com/61af03ac30e53bb54ccb7095/636203c2fd151138ee2ce75c_Story 4 Dark-transcode.mp4]
[assets.website-files.com/61af03ac30e53bb54ccb7095/636203c2fd151138ee2ce75c_Story 4 Dark-transcode.webm]
[assets.website-files.com/61af03ac30e53bb54ccb7095/63616abcbd16952218901c13_Story 7-transcode.mp4]
[assets.website-files.com/61af03ac30e53bb54ccb7095/63616abcbd16952218901c13_Story 7-transcode.webm]
[assets.website-files.com/61af03ac30e53bb54ccb7095/63620646d55b3e1fc6222e9d_Story 20-transcode.mp4]
[assets.website-files.com/61af03ac30e53bb54ccb7095/63620646d55b3e1fc6222e9d_Story 20-transcode.webm]
[netsafe.org.nz/index.html]
[www.intheknow.co.nz/index.html]
[assets.website-files.com/61af03ac30e53bb54ccb7095/634f93c25675d95bbac51919_hero-graphic.png]
[training.education.govt.nz/pages/mediacontentc232.html]
[www.classificationoffice.govt.nz/resources/items/how-to-talk-with-young-people-about-pornography/index.html]
[www.awwwards.com/sites/porn-week.html]
[thelightproject.co.nz/professionals/health-professionals/index.html]
[d3e54v103j8qbb.cloudfront.net/js/jquery-3.5.1.min.dc5e7f18c80e5e.js]
[assets.website-files.com/61af03ac30e53bb54ccb7095/js/webflow.07cd4f15b.js]
[cdn.userway.org/widget.js]
[cdnjs.cloudflare.com/ajax/libs/gsap/3.8.0/gsap.min.js]
[www.facebook.com/netsafeNZ/index.html]
[cdnjs.cloudflare.com/ajax/libs/gsap/3.8.0/ScrollTrigger.min.js]
[unpkg.com/split-type.39.delayed]
[unpkg.com/split-type@0.3.3]
[unpkg.com/split-type@0.3.3/umd/index.min.js]
[www.pornweek.nz/index.html]
[cdn.jsdelivr.net/npm/swiper/swiper-bundle.min.js]
[assets.website-files.com/61af03ac30e53bb54ccb7095/63500f475ae5d774c7884b7d_FoundersGroteskCondensed-SemiBold.otf]
[assets.website-files.com/61af03ac30e53bb54ccb7095/63500f48fd06ef8444a5d0fd_FoundersGroteskXCond-Bold.otf]
[assets.website-files.com/61af03ac30e53bb54ccb7095/63500f496ba5afc42cf3f70f_FoundersGrotesk-Medium.otf]
[assets.website-files.com/61af03ac30e53bb54ccb7095/63500f4a77bbcfe6801bb762_FoundersGroteskMonoRegular.otf]
[assets.website-files.com/61af03ac30e53bb54ccb7095/css/prnweek.webflow.19548f598.css]
[assets.website-files.com/61af03ac30e53bb54ccb7095/635a7c4cc3f02625d8d794cc_FoundersGroteskMonoDemiBold.otf]
[static.hotjar.com/c/hotjar-]
[cdn.jsdelivr.net/npm/swiper/swiper-bundle.min.css]
[assets.website-files.com/61af03ac30e53bb54ccb7095/6361f35e1255d81ab5415116_Arrow Left.svg]
[assets.website-files.com/61af03ac30e53bb54ccb7095/6361f3536b1c4f528c634d3b_Arrow Right.svg]
[thelightproject.co.nz/feed/index.html]
[thelightproject.co.nz/wp-content/themes/Divi/includes/builder/styles/images/preloader.gif]
[thelightproject.co.nz/comments/feed/index.html]
[thelightproject.co.nz/wp-content/themes/Divi/core/admin/fonts/modules/all/modules.eot]
[thelightproject.co.nz/wp-content/et-cache/15/et-divi-dynamic-tb-2751-155871.css]
[thelightproject.co.nz/wp-content/plugins/supreme-modules-pro-for-divi/styles/style.minfddc.css]
[thelightproject.co.nz/wp-content/themes/Divi/includes/builder/feature/dynamic-assets/assets/css/magnific_popupfddc.css]
[thelightproject.co.nz/wp-content/plugins/supreme-modules-pro-for-divi/public/css/swiperfddc.css]
[thelightproject.co.nz/wp-content/plugins/supreme-modules-pro-for-divi/public/css/popupfddc.css]
[thelightproject.co.nz/wp-content/plugins/supreme-modules-pro-for-divi/public/css/animatefddc.css]
[thelightproject.co.nz/wp-content/plugins/supreme-modules-pro-for-divi/public/css/readmorefddc.css]
[thelightproject.co.nz/wp-content/themes/divi-child/stylebb1c.css]
[thelightproject.co.nz/wp-includes/js/jquery/jquery.mina7a0.js]
[thelightproject.co.nz/wp-includes/js/jquery/jquery-migrate.mind617.js]
[thelightproject.co.nz/wp-json/wp/v2/pages/15.json]
[thelightproject.co.nz/wp-json/index.html]
[thelightproject.co.nz/xmlrpc0db0.php]
[thelightproject.co.nz/wp-includes/wlwmanifest.xml]
[thelightproject.co.nz/wp-json/oembed/1.0/embed7aaf.json]
[thelightproject.co.nz/wp-json/oembed/1.0/embed7a76]
[thelightproject.co.nz/wp-content/themes/divi-child/images/preloader4.gif]
[use.fontawesome.com/releases/v5.1.1/css/all.css]
[use.typekit.net/orl2zpz.css]
[www.googletagmanager.com/gtag/js09d7]
[thelightproject.co.nz/wp-content/uploads/2018/10/TLP-FAV-150x150.jpg]
[thelightproject.co.nz/wp-content/uploads/2018/10/TLP-FAV-300x300.jpg]
[thelightproject.co.nz/wp-content/uploads/et-fonts/Aerotype-ZoojaPro.otf]
[thelightproject.co.nz/wp-content/uploads/2021/06/whanau-banner.jpg]
[thelightproject.co.nz/wp-content/et-cache/15/et-core-unified-tb-2751-deferred-15.min4c95.css]
[thelightproject.co.nz/wp-content/uploads/2021/05/TLP-logo.svg]
[thelightproject.co.nz/wp-content/uploads/2018/10/BREATH-WHITE.png]
[thelightproject.co.nz/wp-content/uploads/2018/10/ALLY-WHITE.png]
[thelightproject.co.nz/the-facts/porn-the-facts-for-youth/index.html]
[thelightproject.co.nz/need-help/i-need-help/index.html]
[thelightproject.co.nz/wp-content/uploads/2018/10/LEARN-WHITE.png]
[thelightproject.co.nz/resources/index.html]
[thelightproject.co.nz/whanau/talking-with-children/index.html]
[thelightproject.co.nz/whanau/talking-with-teens/index.html]
[thelightproject.co.nz/need-help/we-need-help/index.html]
[thelightproject.co.nz/resources/parent-resources/index.html]
[thelightproject.co.nz/professionals/index.html]
[thelightproject.co.nz/wp-content/uploads/2018/10/TALK-WHITE.png]
[thelightproject.co.nz/professionals/schools/index.html]
[thelightproject.co.nz/professionals/talking-with-youth/index.html]
[thelightproject.co.nz/professionals/culture-community-connect/index.html]
[thelightproject.co.nz/wp-content/uploads/2018/10/BREATH-WHITE-287x300.png]
[thelightproject.co.nz/the-facts/index.html]
[thelightproject.co.nz/the-facts/porn-the-facts-for-adults/index.html]
[thelightproject.co.nz/resources/porn-and-young-people-research-articles/index.html]
[thelightproject.co.nz/resources/youtube-clips-and-films/index.html]
[thelightproject.co.nz/resources/websites/index.html]
[thelightproject.co.nz/wp-content/uploads/2018/10/LEARN-WHITE-287x300.png]
[thelightproject.co.nz/resources/books/index.html]
[thelightproject.co.nz/resources/tools-and-guidelines/index.html]
[thelightproject.co.nz/professionals/youth-organisations/index.html]
[thelightproject.co.nz/resources/website-references/index.html]
[thelightproject.co.nz/wp-content/uploads/2018/10/ALLY-WHITE-287x300.png]
[thelightproject.co.nz/resources/porn-use-self-check/index.html]
[thelightproject.co.nz/need-help/support-services-apps-and-links/index.html]
[thelightproject.co.nz/need-help/index.html]
[thelightproject.co.nz/wp-content/uploads/2018/10/TALK-WHITE-287x300.png]
[thelightproject.co.nz/wp-content/themes/Divi/js/scripts.minbb1c.js]
[thelightproject.co.nz/whanau/index.html]
[thelightproject.co.nz/wp-content/themes/Divi/core/admin/js/commonbb1c.js]
[assets.website-files.com/61af03ac30e53bb54ccb7095/6362670b1f098e829c87bb7c_card-arrow.svg]
[thelightproject.co.nz/wp-content/et-cache/13/et-divi-dynamic-tb-2747-1313d5.css]
[thelightproject.co.nz/wp-json/wp/v2/pages/13.json]
[thelightproject.co.nz/wp-json/oembed/1.0/embed511b.json]
[thelightproject.co.nz/wp-json/oembed/1.0/embeda132]
[thelightproject.co.nz/wp-content/uploads/et-fonts/DharmaBum.ttf]
[thelightproject.co.nz/wp-content/uploads/2018/08/Banner_youth.jpg]
[thelightproject.co.nz/wp-content/et-cache/13/et-core-unified-tb-2747-deferred-13.min13d5.css]
[thelightproject.co.nz/youth/index.html]
[thelightproject.co.nz/wp-content/themes/Divi/includes/builder/feature/dynamic-assets/assets/js/jquery.fitvidsbb1c.js]
[thelightproject.co.nz/wp-content/et-cache/67/et-divi-dynamic-tb-2747-670a28.css]
[thelightproject.co.nz/wp-json/oembed/1.0/embed338a.json]
[thelightproject.co.nz/wp-json/wp/v2/pages/67.json]
[thelightproject.co.nz/wp-json/oembed/1.0/embed0e41]
[thelightproject.co.nz/wp-content/uploads/2021/06/can-porn-affect-us-banner.jpg]
[thelightproject.co.nz/wp-content/et-cache/67/et-core-unified-tb-2747-deferred-67.min7c71.css]
[thelightproject.co.nz/wp-content/uploads/2018/09/aggression.jpg]
[thelightproject.co.nz/wp-content/uploads/2018/09/Med_weneedhelp4.jpg]
[thelightproject.co.nz/wp-content/uploads/2021/06/1-uncomfortable-bus.jpg]
[thelightproject.co.nz/wp-content/uploads/2018/09/attitudes.jpg]
[thelightproject.co.nz/wp-content/uploads/2018/09/Porn-and-Sex-2.jpg]
[thelightproject.co.nz/wp-content/uploads/2018/09/Body-Image-1.jpg]
[thelightproject.co.nz/wp-content/uploads/2018/09/aggression2.jpg]
[thelightproject.co.nz/wp-content/uploads/2018/08/BG_professionals.jpg]
[thelightproject.co.nz/youth/can-porn-affect-us/index.html]
[thelightproject.co.nz/wp-json/wp/v2/pages/69.json]
[thelightproject.co.nz/wp-json/oembed/1.0/embedf211.json]
[thelightproject.co.nz/wp-json/oembed/1.0/embed0544]
[thelightproject.co.nz/wp-content/uploads/2021/06/porn-and-sex-banner.jpg]
[thelightproject.co.nz/wp-content/et-cache/69/et-core-unified-tb-2747-deferred-69.min70ec.css]
[thelightproject.co.nz/youth/great-sex-vs-porn-sex/index.html]
[thelightproject.co.nz/wp-content/uploads/2018/09/GSVSPS.svg]
[www.intheknow.co.nz/wp-includes/css/dist/block-library/style.min6a4d.css]
[www.intheknow.co.nz/wp-content/uploads/dmb/css/dp_custom_module_29386a4d.css]
[www.intheknow.co.nz/feed/index.html]
[www.intheknow.co.nz/comments/feed/index.html]
[www.intheknow.co.nz/wp-content/uploads/dmb/css/dp_custom_module_786a4d.css]
[www.intheknow.co.nz/wp-content/plugins/supreme-modules-pro-for-divi/styles/style.min39a3.css]
[www.intheknow.co.nz/wp-content/themes/Divi/includes/builder/feature/dynamic-assets/assets/css/magnific_popup39a3.css]
[www.intheknow.co.nz/wp-content/plugins/supreme-modules-pro-for-divi/public/css/swiper39a3.css]
[www.intheknow.co.nz/wp-content/plugins/supreme-modules-pro-for-divi/public/css/popup39a3.css]
[www.intheknow.co.nz/wp-content/plugins/supreme-modules-pro-for-divi/public/css/animate39a3.css]
[www.intheknow.co.nz/wp-content/plugins/supreme-modules-pro-for-divi/public/css/readmore39a3.css]
[www.intheknow.co.nz/wp-content/themes/Divi/style-static.min085e.css]
[www.intheknow.co.nz/wp-content/themes/intheknow-divi-child/style2960.css]
[www.intheknow.co.nz/wp-content/themes/intheknow-divi-child/tips-slider2960.css]
[www.intheknow.co.nz/wp-includes/js/jquery/jquery.mina7a0.js]
[www.intheknow.co.nz/wp-includes/js/jquery/jquery-migrate.mind617.js]
[www.intheknow.co.nz/wp-json/index.html]
[www.intheknow.co.nz/wp-json/wp/v2/pages/525.json]
[www.intheknow.co.nz/xmlrpc0db0.php]
[www.intheknow.co.nz/wp-includes/wlwmanifest.xml]
[www.intheknow.co.nz/wp-json/oembed/1.0/embed3273.json]
[www.intheknow.co.nz/wp-json/oembed/1.0/embed91fb]
[www.intheknow.co.nz/wp-content/uploads/2020/09/preloader.gif]
[www.googletagmanager.com/gtag/js098b]
[use.typekit.net/rft7yyd.css]
[www.googletagmanager.com/gtag/js6ad5]
[www.intheknow.co.nz/wp-content/uploads/2020/09/cropped-itk-favicon-2-32x32.png]
[www.intheknow.co.nz/wp-content/uploads/2020/09/cropped-itk-favicon-2-192x192.png]
[www.intheknow.co.nz/wp-content/uploads/2020/09/cropped-itk-favicon-2-180x180.png]
[www.intheknow.co.nz/wp-content/uploads/2020/07/In-The-Know.svg]
[www.intheknow.co.nz/wp-content/uploads/2021/11/Get-the-lowdown-here.webp]
[www.intheknow.co.nz/wp-content/uploads/2021/11/get-help.webp]
[www.intheknow.co.nz/wp-content/uploads/2021/11/tools-tips.webp]
[www.intheknow.co.nz/wp-content/uploads/2021/11/watch.webp]
[www.intheknow.co.nz/wp-content/uploads/2020/07/glasses-1024x237.png]
[www.intheknow.co.nz/wp-content/uploads/2020/08/LIGHBULB-270x300.png]
[www.intheknow.co.nz/wp-content/uploads/2020/09/hippie.png]
[www.intheknow.co.nz/talking-to-whanau/index.html]
[www.intheknow.co.nz/wp-content/uploads/2020/09/coffee-cup-illustration.png]
[www.intheknow.co.nz/wp-content/uploads/2020/09/over-ears-300x296.png]
[www.intheknow.co.nz/wp-content/uploads/2020/09/dude-with-cool-hair.png]
[www.intheknow.co.nz/wp-content/uploads/2020/09/cut-down.jpg]
[www.intheknow.co.nz/wp-content/uploads/2020/08/dotted-antsbig.svg]
[www.intheknow.co.nz/wp-content/uploads/2020/08/1737.jpg]
[www.intheknow.co.nz/wp-content/uploads/2020/08/Safe-to-talk-e1536889585184-300x130.png]
[www.intheknow.co.nz/cdn-cgi/l/email-protection.html]
[www.intheknow.co.nz/wp-content/uploads/2020/08/Youthline.jpg]
[www.intheknow.co.nz/wp-content/uploads/2020/08/lifeline-logo-300x199.png]
[www.intheknow.co.nz/wp-content/uploads/2020/08/whats-up-logo-2.jpg]
[www.intheknow.co.nz/wp-content/uploads/2020/09/MĀORI-SERVICES-XS.png]
[www.intheknow.co.nz/wp-content/uploads/2020/09/LGBTQI-services-xs.png]
[www.intheknow.co.nz/wp-content/uploads/2020/09/PASIFIKA-SERVICES-XS.png]
[www.intheknow.co.nz/maori-services/index.html]
[www.intheknow.co.nz/wp-content/uploads/2020/09/Sexual-health-services-2.png]
[www.intheknow.co.nz/wp-content/uploads/2020/07/TLPLogo_support.svg]
[www.intheknow.co.nz/pasifika-services/index.html]
[www.intheknow.co.nz/cdn-cgi/scripts/5c5dd728/cloudflare-static/email-decode.min.js]
[www.intheknow.co.nz/lgbttqi-services/index.html]
[www.intheknow.co.nz/sexual-health-services/index.html]
[www.intheknow.co.nz/about-us/index.html]
[www.intheknow.co.nz/rough-sex-and-choking/index.html]
[www.intheknow.co.nz/creating-sexual-content/index.html]
[www.intheknow.co.nz/schooling-up-on-nudes/index.html]
[www.intheknow.co.nz/mental-health-body-image/index.html]
[www.intheknow.co.nz/worried-about-someone-else/index.html]
[www.intheknow.co.nz/feeling-sexually-aggressive/index.html]
[www.intheknow.co.nz/feeling-pressure/index.html]
[cdnjs.cloudflare.com/ajax/libs/animate.css/4.1.1/animate.min0235.css]
[www.intheknow.co.nz/wp-content/plugins/divi-overlays/assets/img/divilife-loader.svg]
[www.intheknow.co.nz/wp-content/plugins/divi-overlays/assets/css/custom_animationsde7d.css]
[www.intheknow.co.nz/wp-content/plugins/divi-overlays/assets/css/stylede7d.css]
[cdnjs.cloudflare.com/ajax/libs/lazysizes/5.2.2/lazysizes.min.js]
[www.intheknow.co.nz/porn-affecting-relationships/index.html]
[www.intheknow.co.nz/wp-content/themes/intheknow-divi-child/responsiveslides.min2960.js]
[www.intheknow.co.nz/online-sexual-experiences/index.html]
[www.intheknow.co.nz/wp-content/themes/Divi/js/scripts.min085e.js]
[www.intheknow.co.nz/wp-content/themes/intheknow-divi-child/main2960.js]
[www.intheknow.co.nz/wp-content/themes/Divi/includes/builder/feature/dynamic-assets/assets/js/jquery.fitvids085e.js]
[www.intheknow.co.nz/wp-includes/js/comment-reply.min6a4d.js]
[www.intheknow.co.nz/wp-content/themes/Divi/includes/builder/feature/dynamic-assets/assets/js/jquery.mobile085e.js]
[www.intheknow.co.nz/wp-content/themes/Divi/includes/builder/feature/dynamic-assets/assets/js/magnific-popup085e.js]
[www.intheknow.co.nz/wp-content/themes/Divi/includes/builder/feature/dynamic-assets/assets/js/easypiechart085e.js]
[www.intheknow.co.nz/wp-content/themes/Divi/includes/builder/feature/dynamic-assets/assets/js/salvattore085e.js]
[www.intheknow.co.nz/wp-content/themes/Divi/core/admin/js/common085e.js]
[www.intheknow.co.nz/wp-content/plugins/supreme-modules-pro-for-divi/includes/modules/FilterableGallery/dsm-shuffle39a3.js]
[www.intheknow.co.nz/wp-content/plugins/divi-overlays/assets/js/jquery.exitintentde7d.js]
[www.intheknow.co.nz/wp-content/plugins/divi-overlays/assets/js/customde7d.js]
[www.intheknow.co.nz/wp-content/themes/Divi/includes/builder/feature/dynamic-assets/assets/js/motion-effects085e.js]
[www.intheknow.co.nz/wp-content/themes/Divi/includes/builder/feature/dynamic-assets/assets/js/sticky-elements085e.js]
[www.intheknow.co.nz/wp-content/uploads/2020/09/6.-or-homepage.jpg]
[www.intheknow.co.nz/want-to-cut-down/index.html]
[www.intheknow.co.nz/wp-json/wp/v2/pages/429.json]
[www.intheknow.co.nz/wp-json/oembed/1.0/embedbdae.json]
[www.intheknow.co.nz/wp-json/oembed/1.0/embed530e]
[www.intheknow.co.nz/wp-content/uploads/2020/09/girl-eyes-covered-with-hair.png]
[www.intheknow.co.nz/wp-content/uploads/2020/08/uncomfortable-illustration.png]
[www.intheknow.co.nz/wp-content/uploads/2020/08/camera.png]
[www.intheknow.co.nz/wp-content/uploads/2020/08/home-page-asian-pacific-guy-with-skateboard-bg-2.jpg]
[www.intheknow.co.nz/wp-content/uploads/2020/08/share-image-300x158.jpg]
[www.intheknow.co.nz/wp-content/uploads/2020/08/netsafe_logo1_2016.png]
[www.intheknow.co.nz/wp-content/uploads/2020/09/1.-uncomfortable-.jpg]
[www.intheknow.co.nz/feeling-uncomfortable/index.html]
[thelightproject.co.nz/wp-json/wp/v2/pages/11.json]
[thelightproject.co.nz/wp-json/oembed/1.0/embed98ac.json]
[thelightproject.co.nz/wp-json/oembed/1.0/embed793e]
[thelightproject.co.nz/wp-content/uploads/2021/05/Home-banner.jpg]
[thelightproject.co.nz/wp-content/et-cache/11/et-core-unified-tb-2736-deferred-11.mind014.css]
[thelightproject.co.nz/wp-content/uploads/2023/04/Youth-and-Porn-front-page-1.png]
[thelightproject.co.nz/wp-content/uploads/2021/06/The-Facts-doodle-anim-2.png]
[thelightproject.co.nz/wp-content/uploads/2021/06/The-Facts-doodle-anim-1-1.png]
[thelightproject.co.nz/wp-content/plugins/supreme-modules-pro-for-divi/public/js/rough-notation.iifefddc.js]
[thelightproject.co.nz/index.html]
[www.pornweek.nz/index877d.html]
[thelightproject.co.nz/wp-content/plugins/supreme-modules-pro-for-divi/includes/modules/TextNotation/frontend.minfddc.js]
[assets.website-files.com/61af03ac30e53bb54ccb7095/63579e3a0885c2514ef9a019_select-arrow.svg]
[www.w3.org/2000/svg.html]
[www.instagram.com/netsafenz/indexfef7.html]
[assets.website-files.com/61af03ac30e53bb54ccb7095/6351810bd6e05823d55b9810_arrow.svg]
[assets.website-files.com/61af03ac30e53bb54ccb7095/635a23697a09eb2279719b1d_correct-icon.svg]
[assets.website-files.com/61af03ac30e53bb54ccb7095/635a2398ccf68205636929aa_wrong-icon.svg]
[netsafe.org.nz/e.src]
[netsafe.org.nz/cdn-cgi/scripts/7d0fa10a/cloudflare-static/rocket-loader.min.js]
[netsafe.org.nz/feed/index.html]
[netsafe.org.nz/wp-includes/css/dist/block-library/style.min.css]
[netsafe.org.nz/Firefox/index.html]
[netsafe.org.nz/wp-includes/css/classic-themes.min.css]
[netsafe.org.nz/wp-content/plugins/affiliate-wp/assets/css/forms.min.css]
[netsafe.org.nz/wp-content/themes/kadence/assets/css/global.min.css]
[netsafe.org.nz/wp-content/themes/kadence/assets/css/header.min.css]
[netsafe.org.nz/wp-content/themes/kadence/assets/css/content.min.css]
[netsafe.org.nz/wp-content/themes/kadence/assets/css/footer.min.css]
[netsafe.org.nz/wp-content/plugins/simple-social-icons/css/style.css]
[netsafe.org.nz/wp-content/plugins/kadence-blocks/dist/style-blocks-rowlayout.css]
[netsafe.org.nz/wp-content/plugins/kadence-blocks/dist/style-blocks-column.css]
[netsafe.org.nz/wp-content/uploads/2023/05/were-here-for-you-banner.webp]
[netsafe.org.nz/wp-content/plugins/wp-rocket/assets/img/youtube.png]
[netsafe.org.nz/xmlrpc0db0.php]
[netsafe.org.nz/wp-includes/wlwmanifest.xml]
[netsafe.org.nz/wp-json/oembed/1.0/embed11bd]
[netsafe.org.nz/wp-json/oembed/1.0/embed7fe8]
[netsafe.org.nz/wp-content/uploads/2020/01/RomanceScams_WEB_1141x641-750x420.jpg.webp]
[storage.faqbot.nz/prod/DFwKw4IBHFK2dKFH/css/bundle.9e69060c553c3c4012e0ccc4d834f2c3.css]
[connect.facebook.net/en_US/fbevents2f15.js]
[netsafe.org.nz/wp-content/uploads/2017/06/ns-Favicon-32x32.png]
[netsafe.org.nz/wp-content/uploads/2023/04/ns-logo-white-1000px.svg]
[netsafe.org.nz/aboutnetsafe/index.html]
[netsafe.org.nz/wp-content/uploads/2023/05/headset-icon.svg]
[netsafe.org.nz/aboutnetsafe/our-service/index.html]
[netsafe.org.nz/aboutnetsafe/the-netsafe-team/index.html]
[netsafe.org.nz/aboutnetsafe/our-story/index.html]
[netsafe.org.nz/aboutnetsafe/partners/index.html]
[netsafe.org.nz/wp-content/uploads/2023/05/mobile-icon.svg]
[netsafe.org.nz/aboutnetsafe/contribute-to-netsafe/index.html]
[netsafe.org.nz/our-work/index.html]
[netsafe.org.nz/wp-content/uploads/2023/05/report-icon.svg]
[netsafe.org.nz/our-work/netsafe-media-releases/index.html]
[netsafe.org.nz/annual-reports/index.html]
[netsafe.org.nz/advice/netsafe-lab/index.html]
[netsafe.org.nz/our-work/submissions-and-advocacy/index.html]
[netsafe.org.nz/wp-content/uploads/2023/05/chatbot-icon.svg]
[netsafe.org.nz/events/index.html]
[netsafe.org.nz/wp-content/uploads/2020/01/RomanceScams_WEB_1141x641-768x431.jpg]
[netsafe.org.nz/blog/index.html]
[netsafe.org.nz/advice/plain-language/index.html]
[netsafe.org.nz/our-work/online-safety-conference/index.html]
[netsafe.org.nz/safer-internet-day-2023/index.html]
[netsafe.org.nz/wp-content/uploads/2022/10/YPSextortion_WEB_1140x641-768x432.115.delayed]
[netsafe.org.nz/contactnetsafe/index.html]
[netsafe.org.nz/contactnetsafe/work-with-netsafe/index.html]
[netsafe.org.nz/reportanincident/index.html]
[netsafe.org.nz/advice/harmfuldigitalcommunications/index.html]
[netsafe.org.nz/wp-content/uploads/2019/12/2020-Reskin_keeprecords-768x432.png]
[netsafe.org.nz/easy-read-online-bullying/index.html]
[netsafe.org.nz/bullying-abuse-support/index.html]
[netsafe.org.nz/sexting/index.html]
[netsafe.org.nz/image-based-abuse/index.html]
[netsafe.org.nz/advice/staying-safe/index.html]
[netsafe.org.nz/easy-read-online-safety-resources/index.html]
[netsafe.org.nz/easy-read-where-to-get-help/index.html]
[netsafe.org.nz/wp-content/uploads/2020/05/Signup-Form-WP-sidebar-NoBTN_300x250_2020R.jpg]
[netsafe.org.nz/race-based-online-abuse/index.html]
[netsafe.org.nz/webcam-blackmail-scams/index.html]
[netsafe.org.nz/advice/scams/index.html]
[netsafe.org.nz/easy-read-romance-scams/index.html]
[netsafe.org.nz/scam-tips/index.html]
[netsafe.org.nz/wp-content/uploads/2020/08/2-1-300x169-jpg.webp]
[netsafe.org.nz/make-a-plan/index.html]
[netsafe.org.nz/common-online-scams/index.html]
[netsafe.org.nz/advice/parenting/index.html]
[netsafe.org.nz/online-safety-for-parents/index.html]
[netsafe.org.nz/wp-content/uploads/2021/09/2020-OSParentToolkit_TWTR-1100x628-v-300x171.jpeg]
[netsafe.org.nz/byod/index.html]
[netsafe.org.nz/advice/young-people/index.html]
[netsafe.org.nz/youth-bullying/index.html]
[netsafe.org.nz/parents-bullying/index.html]
[netsafe.org.nz/wp-content/uploads/2022/01/Gaming-toolkit-cover2-300x169.11b.delayed]
[netsafe.org.nz/netsafe-kete/index.html]
[netsafe.org.nz/nudes/index.html]
[netsafe.org.nz/safe-relationships/index.html]
[netsafe.org.nz/advice/education/index.html]
[netsafe.org.nz/wp-content/uploads/2021/11/Copy-of-Easy-read-romance-heart-1-300x169.11c.delayed]
[netsafe.org.nz/netsafe-online-learning-platform/index.html]
[netsafe.org.nz/contact-us/index.html]
[netsafe.org.nz/schools-kura/index.html]
[netsafe.org.nz/responding-to-a-digital-incident/index.html]
[netsafe.org.nz/advice/how-to/index.html]
[netsafe.org.nz/wp-content/uploads/2020/10/pexels-shvets-production-7195232-300x200.11d.delayed]
[netsafe.org.nz/romance-scams/index.html]
[netsafe.org.nz/digital-content-records/index.html]
[netsafe.org.nz/haere-mai-to-our-new-yas/index.html]
[netsafe.org.nz/wp-content/uploads/2021/05/Tax-Scams-Website-Header-1-300x169.png]
[netsafe.org.nz/advice/our-work/index.html]
[netsafe.org.nz/advice/young-people/yas/index.html]
[netsafe.org.nz/parenttoolkit/index.html]
[netsafe.org.nz/wp-content/uploads/2022/11/276157141_10159748658456061_547448076734409430_n-300x111.png]
[netsafe.org.nz/advice/online-gaming-whanau-toolkit/index.html]
[netsafe.org.nz/online-gaming-whanau-toolkit-accessible/index.html]
[netsafe.org.nz/facebook-trading-scam/index.html]
[netsafe.org.nz/tax-scams/index.html]
[netsafe.org.nz/wp-content/uploads/2022/11/Porn-Week_Netsafe-1140x641-1-300x169.png]
[netsafe.org.nz/advice/our-work/safer-internet-day/index.html]
[netsafe.org.nz/porn-week/index.html]
[netsafe.org.nz/wp-content/uploads/2023/04/ministry-of-education-logo-2023-300x88.png]
[netsafe.org.nz/wp-content/uploads/2023/04/Ministry-of-Justice-logo-300x112.webp]
[netsafe.org.nz/wp-content/uploads/2020/10/2019.08.22_IH_Logo_Green-300x75.png]
[netsafe.org.nz/wp-content/uploads/2023/02/Safe-Space-Alliance-logo-1-150x150.webp]
[netsafe.org.nz/index.html]
[netsafe.org.nz/wp-content/plugins/wp-rocket/assets/js/lazyload/17.8.3/lazyload.min.js]
[www.intheknow.co.nz/wp-json/wp/v2/pages/68.json]
[www.intheknow.co.nz/wp-json/oembed/1.0/embed3934.json]
[www.intheknow.co.nz/wp-json/oembed/1.0/embed0370]
[www.intheknow.co.nz/wp-content/uploads/2020/08/in-the-know-new-logo.svg]
[www.intheknow.co.nz/wp-content/uploads/2020/09/hands-up-love-up-swipe-upxs.png]
[www.intheknow.co.nz/wp-content/uploads/2020/08/mobile-arms-up-swipe-up-xs-xs.png]
[www.intheknow.co.nz/wp-content/uploads/2020/08/home-banner-270820.png]
[www.intheknow.co.nz/wp-content/uploads/2020/09/down-arrowwhite.svg]
[www.intheknow.co.nz/wp-content/uploads/2020/08/overlay-grid-4x3-5-xs.jpg]
[www.intheknow.co.nz/index.html]
[www.classificationoffice.govt.nz/media/images/favicon_DNowKJH.5c2dafe4.fill-180x180.png]
[www.classificationoffice.govt.nz/static/build/css/style.f60b0ecfd85a968fad75.css]
[www.classificationoffice.govt.nz/media/images/favicon_DNowKJH.5c2dafe4.fill-152x152.png]
[www.classificationoffice.govt.nz/media/images/favicon_DNowKJH.5c2dafe4.fill-144x144.png]
[www.classificationoffice.govt.nz/media/images/favicon_DNowKJH.5c2dafe4.fill-120x120.png]
[www.classificationoffice.govt.nz/media/images/favicon_DNowKJH.5c2dafe4.fill-114x114.png]
[www.classificationoffice.govt.nz/media/images/favicon_DNowKJH.5c2dafe4.fill-76x76.png]
[www.classificationoffice.govt.nz/media/images/favicon_DNowKJH.5c2dafe4.fill-72x72.png]
[www.classificationoffice.govt.nz/media/images/favicon_DNowKJH.5c2dafe4.fill-60x60.png]
[www.classificationoffice.govt.nz/media/images/favicon_DNowKJH.5c2dafe4.fill-57x57.png]
[www.classificationoffice.govt.nz/media/images/favicon_DNowKJH.5c2dafe4.fill-192x192.png]
[www.classificationoffice.govt.nz/media/images/favicon_DNowKJH.5c2dafe4.fill-96x96.png]
[www.classificationoffice.govt.nz/media/images/favicon_DNowKJH.5c2dafe4.fill-32x32.png]
[www.classificationoffice.govt.nz/media/images/favicon_DNowKJH.5c2dafe4.fill-16x16.png]
[www.classificationoffice.govt.nz/static/images/share-image.png]
[www.googletagmanager.com/gtag/js44bf]
[www.classificationoffice.govt.nz/media/images/Students_watching_film.width-550.png]
[www.classificationoffice.govt.nz/media/images/Untitled_design_5.width-550.png]
[www.classificationoffice.govt.nz/media/images/Censor_for_a_Day.width-550.png]
[www.classificationoffice.govt.nz/media/images/Untitled_design_10.width-550.png]
[www.classificationoffice.govt.nz/static/build/js/vendor.457f71240a091609f56e.js]
[www.classificationoffice.govt.nz/resources/items/how-to-talk-with-young-people-about-pornography/index.html]
[www.classificationoffice.govt.nz/static/build/js/site.bdb9cc6c926dd584b829.js]
[thelightproject.co.nz/wp-content/et-cache/2975/et-divi-dynamic-tb-3264-2975296b.css]
[thelightproject.co.nz/wp-json/wp/v2/pages/2975.json]
[thelightproject.co.nz/wp-json/oembed/1.0/embed127d.json]
[thelightproject.co.nz/wp-json/oembed/1.0/embed7c97]
[thelightproject.co.nz/wp-content/uploads/2022/10/banner-image-2.jpg]
[thelightproject.co.nz/wp-content/et-cache/2975/et-core-unified-tb-3264-deferred-2975.min4838.css]
[thelightproject.co.nz/wp-content/uploads/2022/10/downarrow.png]
[thelightproject.co.nz/wp-content/uploads/2022/10/understanding-icon.jpg]
[thelightproject.co.nz/wp-content/uploads/2022/10/Engaging-icon.jpg]
[thelightproject.co.nz/wp-content/uploads/2022/10/Responding-icon.jpg]
[thelightproject.co.nz/wp-content/uploads/2022/10/learn-icon.png]
[thelightproject.co.nz/professionals/health-professionals/index.html]
[www.googletagmanager.com/gtag/jsc613]
[training.education.govt.nz/pages/mediacontentc232.html]
[www.na.studio/index.html]
[scontent-ham3-1.xx.fbcdn.net/v/t39.30808-1/348431430_1791093877954181_8049581627143162379_n14e3.png]
[static.xx.fbcdn.net/rsrc.php/v3/yB/l/0,cross/_Na-TnsPS1N1f8e.css]
[static.xx.fbcdn.net/rsrc.php/v3/yl/r/6kJf8MfP8KW1f8e.js]
[static.xx.fbcdn.net/rsrc.php/v3iiAY4/y1/l/en_US/1EI7rZDgYDf1f8e.js]
[static.xx.fbcdn.net/rsrc.php/v3/ym/r/_FlUVVh3xe5T31SvzVtrGKdTjRO0q-nxILosSkpxwdy0Lim3uETseCB1f8e.js]
[static.xx.fbcdn.net/rsrc.php/v3i6ov4/yk/l/en_US/hOGkZAXf4BD1f8e.js]
[static.xx.fbcdn.net/rsrc.php/v3idBq4/yP/l/en_US/WeQ8CtC2lmx1f8e.js]
[static.xx.fbcdn.net/rsrc.php/v3ic7-4/yy/l/en_US/ehLskl6JZDas5RTwc_6BvgOKjMSEQOEfBmO_tRkQdliBLgvwffuKmeXNxFzSLFjuDv7AHHk6qdLB94qA4daKKpRiuOVTG8Ysx-qmfnp2mXANzT3-bM5ry7GMHgWIIT7wqqZDEIC74zjaYfDlppSF6oFLluuhs8tjs3m7LoYlm]
[static.xx.fbcdn.net/rsrc.php/v3ilgK4/yF/l/en_US/ILICONUxZyW1f8e.js]
[static.xx.fbcdn.net/rsrc.php/v3iJeu4/yW/l/en_US/eibuaAXv2441f8e.js]
[static.xx.fbcdn.net/rsrc.php/v3/yr/r/Mh1DyvZSY7n1f8e.js]
[www.facebook.com/netsafeNZ/theaustralian.com.177.delayed]
[www.facebook.com/netsafeNZ/news.com.au]
[www.facebook.com/netsafeNZ/kollosche.com.au]
[www.facebook.com/netsafeNZ/awstrack.me]
[www.facebook.com/netsafeNZ/5zdXzv]
[www.facebook.com/netsafeNZ/B+lhsQ]
[www.facebook.com/netsafeNZ/o305YZ]
[static.xx.fbcdn.net/rsrc.php/v3iug34/yY/l/en_US/bX8C9uVUmSFU6HUuvpEuqa4KVlBwsNvzm6DIsEFDSvi5mvqdG8rMFmBEDhUbmaCYp8dZY8G4tAz8S2vhgnqbrhS02T5FfnaH9FVehLLQiSI4hfYWnnxUXXHShPE7-0oMWsMTcmQsIb7Mh_I1f8e.js]
[static.xx.fbcdn.net/rsrc.php/v3ihIw4/yF/l/en_US/C4Vscjm2Cpi1f8e.js]
[static.xx.fbcdn.net/rsrc.php/v3il4T4/yA/l/en_US/H-wXQBiHfCj1f8e.js]
[static.xx.fbcdn.net/rsrc.php/v3is_w4/yz/l/en_US/z5zysTHsYneiZo7HVMKESuYdQccio4K2QaB3ZbsXDa9SrQgcD9HF8rvPbe4E_n-BsX5wyX6QLpBvG-ZGJzgL8nISzmDdv9AsItX1kQyd2KD_SoBzyZ3VS6WOoBskHDbmx5NX1f8e.js]
[static.xx.fbcdn.net/rsrc.php/v3iHfL4/yZ/l/en_US/8hSXdsYDrQE1f8e.js]
[www.facebook.com/netsafeNZ/kXyzwK.183.delayed]
[www.facebook.com/netsafeNZ/index.html]
[assets.awwwards.com/awards/submissions/2023/01/63c0f1f3e3ad2809350067.png]
[www.awwwards.com/apple-touch-icon.png]
[assets.awwwards.com/assets/redesign/css/site.css]
[assets.awwwards.com/assets/redesign/images/header/search/featured/1.jpg]
[assets.awwwards.com/assets/redesign/images/header/search/featured/2.jpg]
[assets.awwwards.com/assets/redesign/images/header/search/featured/3.jpg]
[assets.awwwards.com/assets/redesign/images/header/search/featured/4.jpg]
[assets.awwwards.com/awards/media/cache/thumb_user_70/avatar/1413548/620443110ecb5120094716.png]
[assets.awwwards.com/awards/element/2023/01/63c0cbab7b55d972253361.jpg]
[assets.awwwards.com/awards/element/2023/01/63c0cfc78ad51014444245.png]
[assets.awwwards.com/awards/media/cache/thumb_user_70/avatar/920915/628de1cfc0540965480226.png]
[assets.awwwards.com/awards/media/cache/thumb_user_70/avatar/1024325/61f11ffc9cc52986027887.jpg]
[assets.awwwards.com/awards/media/cache/thumb_user_70/avatar/82588/600fe8e0884fa777891044.jpg]
[assets.awwwards.com/awards/media/cache/thumb_user_70/avatar/292524/5a68aaba6e23b.jpg]
[assets.awwwards.com/awards/media/cache/thumb_user_70/avatar/460409/63ef6fe611bb3269475738.jpg]
[assets.awwwards.com/awards/media/cache/thumb_user_70/avatar/701399/600eca64bbb0b962114033.jpg]
[assets.awwwards.com/awards/media/cache/thumb_user_70/avatar/1097644/61f11fba55abc789065411.jpg]
[assets.awwwards.com/awards/media/cache/thumb_user_70/avatar/137337/600e81979e1d4638395737.jpg]
[assets.awwwards.com/awards/media/cache/thumb_user_70/avatar/356310/5c5084ed4b6bd.jpg]
[assets.awwwards.com/awards/media/cache/thumb_user_70/avatar/148/6070378c69273055065440.jpg]
[assets.awwwards.com/awards/media/cache/thumb_user_70/avatar/167800/5c5085b723513.jpg]
[assets.awwwards.com/awards/media/cache/thumb_user_70/5fd0ebf0983468.69301611.png]
[assets.awwwards.com/awards/media/cache/thumb_user_70/avatar/561608/6135d2e0ead8f011381994.jpg]
[assets.awwwards.com/awards/media/cache/thumb_user_70/avatar/71726/54c676b4139e5.jpg]
[assets.awwwards.com/awards/media/cache/thumb_user_70/avatar/57715/56b48c039e24e.jpg]
[assets.awwwards.com/awards/media/cache/thumb_user_70/avatar/631458/6005978858724763457058.jpg]
[assets.awwwards.com/awards/media/cache/thumb_user_70/avatar/567258/5d5f962be3aba337268613.jpg]
[assets.awwwards.com/awards/media/cache/thumb_user_70/avatar/454862/5e147c13ef246220566129.jpg]
[assets.awwwards.com/assets/images/pages/user/total-users.jpg]
[assets.awwwards.com/awards/media/cache/thumb_user_70/avatar/316214/63ef716f2784e578286891.jpg]
[assets.awwwards.com/awards/media/cache/thumb_user_70/avatar/170062/5df75c5e30824214850846.jpg]
[assets.awwwards.com/awards/media/cache/thumb_user_70/avatar/430/5971c625278fe.jpg]
[assets.awwwards.com/awards/media/cache/thumb_user_70/avatar/215560/600595d9cc34e675518425.jpg]
[assets.awwwards.com/awards/media/cache/thumb_user_70/avatar/457595/6005a065b2218702417913.jpg]
[assets.awwwards.com/awards/images/2020/05/menu-collection-5_static.jpg]
[assets.awwwards.com/awards/media/cache/thumb_user_70/avatar/2055198/646cd17ac3311001071812.png]
[assets.awwwards.com/awards/media/cache/thumb_user_70/default/user1.jpg]
[assets.awwwards.com/awards/media/cache/thumb_user_70/default/user8.jpg]
[assets.awwwards.com/awards/images/2020/05/cursor-collection.jpg]
[assets.awwwards.com/awards/media/cache/thumb_user_70/default/user2.jpg]
[assets.awwwards.com/awards/media/cache/thumb_user_70/default/user7.jpg]
[assets.awwwards.com/awards/media/cache/thumb_user_70/avatar/505605/592e2caf3c12e.jpg]
[assets.awwwards.com/awards/images/2020/05/loading-collection-2.jpg]
[assets.awwwards.com/awards/media/cache/thumb_user_70/default/user3.jpg]
[assets.awwwards.com/awards/media/cache/thumb_user_70/avatar/1689460/6357b4f0a1b58497122499.png]
[assets.awwwards.com/awards/images/2018/07/TRANSITIONS.jpg]
[assets.awwwards.com/awards/images/2018/08/trans.jpg]
[assets.awwwards.com/awards/media/cache/thumb_user_70/default/user5.jpg]
[assets.awwwards.com/awards/images/2020/05/microinteraction-collection-2.jpg]
[assets.awwwards.com/awards/media/cache/thumb_user_70/default/user4.jpg]
[assets.awwwards.com/awards/images/2020/05/404-collection-2_static.jpg]
[assets.awwwards.com/awards/images/2021/08/footer-collection2.jpg]
[assets.awwwards.com/dist/js/runtime.c48e36a3.js]
[assets.awwwards.com/dist/js/5716.c55047d2.js]
[assets.awwwards.com/dist/js/188.dad6a95d.js]
[assets.awwwards.com/dist/js/9755.25e16d97.js]
[assets.awwwards.com/dist/js/2351.de0f362e.js]
[assets.awwwards.com/dist/js/9805.69062164.js]
[assets.awwwards.com/dist/js/redesign_sotd.544df1d3.js]
[www.google.com/recaptcha/apid3bf.js]
[www.awwwards.com/sites/porn-week.html]
[assets.website-files.com/61af03ac30e53bb54ccb7095/635a2979de4d8a6005ddecd0_checkbox-icon.svg]
[thelightproject.co.nz/xmlrpc.php]
[thelightproject.co.nz/wp-content/et-cache/15/et-divi-dynamic-tb-2751-155871.css]
[thelightproject.co.nz/wp-content/plugins/supreme-modules-pro-for-divi/styles/style.minfddc.css]
[thelightproject.co.nz/wp-content/themes/Divi/includes/builder/feature/dynamic-assets/assets/css/magnific_popupfddc.css]
[thelightproject.co.nz/wp-content/plugins/supreme-modules-pro-for-divi/public/css/swiperfddc.css]
[thelightproject.co.nz/wp-content/plugins/supreme-modules-pro-for-divi/public/css/popupfddc.css]
[thelightproject.co.nz/wp-content/plugins/supreme-modules-pro-for-divi/public/css/animatefddc.css]
[thelightproject.co.nz/wp-content/plugins/supreme-modules-pro-for-divi/public/css/readmorefddc.css]
[thelightproject.co.nz/wp-content/themes/divi-child/fonts/Aerotype-ZoojaPro.eot]
[thelightproject.co.nz/wp-content/themes/divi-child/fonts/Aerotype-ZoojaProd41d.eot]
[thelightproject.co.nz/wp-content/themes/divi-child/fonts/Aerotype-ZoojaPro.woff2]
[thelightproject.co.nz/wp-content/themes/divi-child/fonts/Aerotype-ZoojaPro.woff]
[thelightproject.co.nz/wp-content/themes/divi-child/fonts/ZoojaPro.ttf]
[thelightproject.co.nz/wp-content/themes/divi-child/fonts/Aerotype-ZoojaPro.svg]
[thelightproject.co.nz/wp-content/themes/divi-child/fonts/TiemposText-BoldItalic.eot]
[thelightproject.co.nz/wp-content/themes/divi-child/fonts/TiemposText-BoldItalicd41d.eot]
[thelightproject.co.nz/wp-content/themes/divi-child/fonts/TiemposText-BoldItalic.woff2]
[thelightproject.co.nz/wp-content/themes/divi-child/fonts/TiemposText-BoldItalic.woff]
[thelightproject.co.nz/wp-content/themes/divi-child/fonts/DharmaBum.eot]
[thelightproject.co.nz/wp-content/themes/divi-child/fonts/DharmaBumd41d.eot]
[thelightproject.co.nz/wp-content/themes/divi-child/fonts/DharmaBum.otf]
[thelightproject.co.nz/wp-content/themes/divi-child/fonts/DharmaBum.svg]
[thelightproject.co.nz/wp-content/themes/divi-child/fonts/DharmaBum.ttf]
[thelightproject.co.nz/wp-content/themes/divi-child/fonts/DharmaBum.woff]
[thelightproject.co.nz/wp-content/themes/divi-child/fonts/DharmaBum.woff2]
[thelightproject.co.nz/wp-content/themes/divi-child/fonts/ZoojaPro-Light.ttf]
[thelightproject.co.nz/wp-content/themes/divi-child/fonts/BebasNeue-Light.eot]
[thelightproject.co.nz/wp-content/themes/divi-child/fonts/BebasNeue-Lightd41d.eot]
[thelightproject.co.nz/wp-content/themes/divi-child/fonts/BebasNeue-Light.otf]
[thelightproject.co.nz/wp-content/themes/divi-child/fonts/BebasNeue-Light.svg]
[thelightproject.co.nz/wp-content/themes/divi-child/fonts/BebasNeue-Light.ttf]
[thelightproject.co.nz/wp-content/themes/divi-child/fonts/BebasNeue-Light.woff]
[thelightproject.co.nz/wp-content/themes/divi-child/fonts/BebasNeue-Light.woff2]
[thelightproject.co.nz/wp-content/themes/divi-child/fonts/BebasNeue-Regular.eot]
[thelightproject.co.nz/wp-content/themes/divi-child/fonts/BebasNeue-Regulard41d.eot]
[thelightproject.co.nz/wp-content/themes/divi-child/fonts/BebasNeue-Regular.otf]
[thelightproject.co.nz/wp-content/themes/divi-child/fonts/BebasNeue-Regular.svg]
[thelightproject.co.nz/wp-content/themes/divi-child/fonts/BebasNeue-Regular.ttf]
[thelightproject.co.nz/wp-content/themes/divi-child/fonts/BebasNeue-Regular.woff]
[thelightproject.co.nz/wp-content/themes/divi-child/fonts/BebasNeue-Regular.woff2]
[thelightproject.co.nz/wp-content/themes/divi-child/fonts/BebasNeue-Bold.eot]
[thelightproject.co.nz/wp-content/themes/divi-child/fonts/BebasNeue-Boldd41d.eot]
[thelightproject.co.nz/wp-content/themes/divi-child/fonts/BebasNeue-Bold.otf]
[thelightproject.co.nz/wp-content/themes/divi-child/fonts/BebasNeue-Bold.svg]
[thelightproject.co.nz/wp-content/themes/divi-child/fonts/BebasNeue-Bold.ttf]
[thelightproject.co.nz/wp-content/themes/divi-child/fonts/BebasNeue-Bold.woff]
[thelightproject.co.nz/wp-content/themes/divi-child/fonts/BebasNeue-Bold.woff2]
[tlpdev.wpengine.com/wp-content/uploads/2018/08/Blank.png]
[thelightproject.co.nz/wp-content/uploads/2021/05/Torn-edge.svg]
[thelightproject.co.nz/wp-content/uploads/2022/10/banner-hand-top.png]
[thelightproject.co.nz/wp-content/uploads/2022/10/banner-hand-bottom.png]
[thelightproject.co.nz/wp-content/uploads/2022/10/scribble-title.png]
[thelightproject.co.nz/wp-content/uploads/2022/10/right-arrow-icon.png]
[thelightproject.co.nz/wp-content/uploads/2022/10/YAP-Counselling.png]
[thelightproject.co.nz/wp-content/uploads/2022/10/YAP-reframe-icon.png]
[thelightproject.co.nz/wp-content/uploads/2022/10/YAP-normalise-icon.png]
[thelightproject.co.nz/wp-content/themes/divi-child/stylebb1c.css]
[thelightproject.co.nz/indexa1ca.html]
[use.fontawesome.com/releases/v5.1.1/css/all.css]
[use.typekit.net/af/f08f39/00000000000000007735aba1/30/le196]
[use.typekit.net/af/f08f39/00000000000000007735aba1/30/de196]
[use.typekit.net/orl2zpz.css]
[thelightproject.co.nz/wp-content/et-cache/15/et-core-unified-tb-2751-deferred-15.min4c95.css]
[thelightproject.co.nz/wp-content/uploads/2021/05/TLP-logo.svg]
[thelightproject.co.nz/wp-content/uploads/2021/06/background-footer.svg]
[use.typekit.net/af/f08f39/00000000000000007735aba1/30/ae196]
[thelightproject.co.nz/wp-content/et-cache/110/et-divi-dynamic-tb-2747-110a1dd.css]
[thelightproject.co.nz/wp-json/wp/v2/pages/110.json]
[thelightproject.co.nz/wp-json/oembed/1.0/embed27a7.json]
[thelightproject.co.nz/wp-json/oembed/1.0/embed142c]
[thelightproject.co.nz/wp-content/uploads/2021/06/facts-banner.jpg]
[thelightproject.co.nz/wp-content/et-cache/110/et-core-unified-tb-2747-deferred-110.minb700.css]
[thelightproject.co.nz/wp-content/uploads/2021/06/skate-board-doodle.png]
[thelightproject.co.nz/wp-content/uploads/2018/09/FACTSFACTS.png]
[thelightproject.co.nz/wp-content/uploads/2018/09/FACTS2.png]
[thelightproject.co.nz/wp-content/uploads/2018/09/FACTS-36FACTS.png]
[thelightproject.co.nz/wp-content/uploads/2018/09/FACTS7.png]
[thelightproject.co.nz/wp-content/uploads/2018/09/FACTS-38FACTS.png]
[thelightproject.co.nz/wp-content/uploads/2018/09/FACTS-39FACTS.png]
[thelightproject.co.nz/wp-content/uploads/2018/09/FACTS4.png]
[thelightproject.co.nz/wp-content/uploads/2018/09/FACTS-41FACTS.png]
[thelightproject.co.nz/wp-content/uploads/2018/09/FACTS-37FACTS.png]
[thelightproject.co.nz/wp-content/uploads/2018/09/FACTS_1FACTS.png]
[thelightproject.co.nz/wp-content/uploads/2018/09/FACTS-40FACTS.png]
[thelightproject.co.nz/the-facts/porn-the-facts-for-youth/index.html]
[thelightproject.co.nz/wp-content/et-cache/104/et-divi-dynamic-tb-2784-10449c7.css]
[thelightproject.co.nz/wp-json/wp/v2/pages/104.json]
[thelightproject.co.nz/wp-json/oembed/1.0/embed9196.json]
[thelightproject.co.nz/wp-json/oembed/1.0/embed4ce3]
[thelightproject.co.nz/wp-content/uploads/2021/06/TheLightProject-120-of-268.jpg]
[thelightproject.co.nz/wp-content/et-cache/104/et-core-unified-tb-2784-deferred-104.mina8cc.css]
[thelightproject.co.nz/wp-content/uploads/2018/09/ABC.png]
[thelightproject.co.nz/wp-content/uploads/2018/09/A.png]
[thelightproject.co.nz/wp-content/uploads/2018/09/B.png]
[thelightproject.co.nz/wp-content/uploads/2018/09/C.png]
[thelightproject.co.nz/wp-content/uploads/2018/09/TALK-BEFORE.png]
[thelightproject.co.nz/wp-content/uploads/2018/09/REPORT-BEFORE.png]
[thelightproject.co.nz/wp-content/uploads/2018/09/PREPARE-BEFORE.png]
[thelightproject.co.nz/need-help/i-need-help/index.html]
[thelightproject.co.nz/wp-content/et-cache/17/et-divi-dynamic-tb-2780-17f5ec.css]
[thelightproject.co.nz/wp-json/wp/v2/pages/17.json]
[thelightproject.co.nz/wp-json/oembed/1.0/embedbcd3.json]
[thelightproject.co.nz/wp-json/oembed/1.0/embed087c]
[thelightproject.co.nz/wp-content/uploads/2018/08/Banner_resources.jpg]
[thelightproject.co.nz/resources/index.html]
[thelightproject.co.nz/wp-content/et-cache/17/et-core-unified-tb-2780-deferred-17.min9c90.css]
[thelightproject.co.nz/wp-content/et-cache/76/et-divi-dynamic-tb-2751-76da6d.css]
[thelightproject.co.nz/wp-json/oembed/1.0/embedbdc2.json]
[thelightproject.co.nz/wp-json/wp/v2/pages/76.json]
[thelightproject.co.nz/wp-json/oembed/1.0/embed44a9]
[thelightproject.co.nz/wp-content/uploads/2018/08/Banner_porn_talks_children.jpg]
[thelightproject.co.nz/wp-content/et-cache/76/et-core-unified-tb-2751-deferred-76.minda6d.css]
[thelightproject.co.nz/whanau/talking-with-children/index.html]
[thelightproject.co.nz/wp-content/et-cache/71/et-divi-dynamic-tb-2751-71255d.css]
[thelightproject.co.nz/wp-json/wp/v2/pages/71.json]
[thelightproject.co.nz/wp-json/oembed/1.0/embedbf49.json]
[thelightproject.co.nz/wp-json/oembed/1.0/embed32ef]
[thelightproject.co.nz/wp-content/uploads/2018/10/TalkingwithTeens-Banner.jpg]
[thelightproject.co.nz/wp-content/et-cache/71/et-core-unified-tb-2751-deferred-71.min3b26.css]
[tlpprod.wpengine.com/wp-content/uploads/2018/09/PREPARE-BEFORE-287x300.png]
[tlpprod.wpengine.com/wp-content/uploads/2018/09/YOUTH.png]
[tlpprod.wpengine.com/wp-content/uploads/2018/09/UNSHOCKABLE-BEFORE.png]
[tlpprod.wpengine.com/wp-content/uploads/2018/09/TALK-BEFORE.png]
[tlpprod.wpengine.com/wp-content/uploads/2018/09/TIME-BEFORE-287x300.png]
[thelightproject.co.nz/wp-content/uploads/2018/09/Thinking.png]
[thelightproject.co.nz/wp-content/uploads/2021/07/shame@4x.png]
[thelightproject.co.nz/wp-content/uploads/2021/06/Talking-with-teens-doodle-speech.png]
[thelightproject.co.nz/wp-content/uploads/2018/09/IDEAS-1.png]
[thelightproject.co.nz/wp-content/uploads/2018/09/HELP-1.png]
[thelightproject.co.nz/wp-content/uploads/2018/09/PEERPRESSURE-1.png]
[thelightproject.co.nz/wp-content/uploads/2018/09/KEEPTALKING-1.png]
[thelightproject.co.nz/wp-content/uploads/2018/09/THANKYOU-1.png]
[thelightproject.co.nz/wp-content/uploads/2018/09/PEERPRESSURE-1-287x300.png]
[thelightproject.co.nz/wp-content/uploads/2018/09/IDEAS-1-287x300.png]
[thelightproject.co.nz/wp-content/uploads/2018/09/KEEPTALKING-1-287x300.png]
[thelightproject.co.nz/wp-content/uploads/2018/09/HELP-1-287x300.png]
[thelightproject.co.nz/wp-content/uploads/2018/09/THANKYOU-1-287x300.png]
[thelightproject.co.nz/wp-content/plugins/codelights-shortcodes-and-widgets/css/cl-coread05.css]
[thelightproject.co.nz/wp-content/plugins/codelights-shortcodes-and-widgets/css/cl-flipboxad05.css]
[thelightproject.co.nz/wp-content/plugins/codelights-shortcodes-and-widgets/js/cl-coread05.js]
[thelightproject.co.nz/whanau/talking-with-teens/index.html]
[thelightproject.co.nz/wp-content/plugins/codelights-shortcodes-and-widgets/js/cl-flipboxad05.js]
[thelightproject.co.nz/wp-content/et-cache/106/et-divi-dynamic-tb-2784-106cce5.css]
[thelightproject.co.nz/wp-json/wp/v2/pages/106.json]
[thelightproject.co.nz/wp-json/oembed/1.0/embed5781.json]
[thelightproject.co.nz/wp-json/oembed/1.0/embed6638]
[thelightproject.co.nz/wp-content/uploads/2021/06/We-Need-Help-Banner-4.jpg]
[thelightproject.co.nz/need-help/we-need-help/index.html]
[thelightproject.co.nz/wp-content/et-cache/106/et-core-unified-tb-2784-deferred-106.mine099.css]
[thelightproject.co.nz/wp-content/et-cache/88/et-divi-dynamic-tb-2780-885d22.css]
[thelightproject.co.nz/wp-json/wp/v2/pages/88.json]
[thelightproject.co.nz/wp-json/oembed/1.0/embed28a6.json]
[thelightproject.co.nz/wp-json/oembed/1.0/embedd448]
[thelightproject.co.nz/wp-content/uploads/2021/06/parent-resource-banner.jpg]
[thelightproject.co.nz/wp-content/et-cache/88/et-core-unified-tb-2780-deferred-88.min5d22.css]
[thelightproject.co.nz/wp-content/uploads/2018/10/Circle-Disney.jpg]
[tlpprod.wpengine.com/wp-content/uploads/2018/09/safesurfer.jpg]
[thelightproject.co.nz/wp-content/uploads/2018/10/familyzone.jpg]
[tlpprod.wpengine.com/wp-content/uploads/2018/09/How-to-Talk-to-your-kids-about-pornography.jpg]
[tlpprod.wpengine.com/wp-content/uploads/2018/09/Talk-about-pornography.jpg]
[tlpprod.wpengine.com/wp-content/uploads/2018/09/parenting.png]
[tlpprod.wpengine.com/wp-content/uploads/2018/09/Kyle-the-Kingfish.png]
[tlpprod.wpengine.com/wp-content/uploads/2018/09/Australia-porn-tools.jpg]
[tlpprod.wpengine.com/wp-content/uploads/2018/09/NSPCC.jpg]
[tlpprod.wpengine.com/wp-content/uploads/2018/09/not-for-kids.jpg]
[tlpprod.wpengine.com/wp-content/uploads/2018/09/Good-Pictures-Bad-Pictures.jpg]
[tlpprod.wpengine.com/wp-content/uploads/2018/09/Safe-surfer.png]
[thelightproject.co.nz/wp-content/uploads/2018/09/Screen-Shot-2018-09-28-at-3.27.36-PM.png]
[thelightproject.co.nz/wp-content/uploads/2018/12/bernard.jpg]
[thelightproject.co.nz/resources/parent-resources/index.html]
[thelightproject.co.nz/wp-content/et-cache/19/et-divi-dynamic-tb-2759-1927f8.css]
[thelightproject.co.nz/wp-json/wp/v2/pages/19.json]
[thelightproject.co.nz/wp-json/oembed/1.0/embed2a18.json]
[thelightproject.co.nz/wp-json/oembed/1.0/embed2248]
[thelightproject.co.nz/wp-content/uploads/2021/06/great-sex-footer.jpg]
[thelightproject.co.nz/professionals/index.html]
[thelightproject.co.nz/wp-content/et-cache/19/et-core-unified-tb-2759-deferred-19.min27f8.css]
[thelightproject.co.nz/wp-content/et-cache/94/et-divi-dynamic-tb-2759-94a2a5.css]
[thelightproject.co.nz/wp-json/wp/v2/pages/94.json]
[thelightproject.co.nz/wp-json/oembed/1.0/embeded45.json]
[thelightproject.co.nz/wp-json/oembed/1.0/embed32b4]
[thelightproject.co.nz/wp-content/uploads/2018/08/Banner_schools.jpg]
[thelightproject.co.nz/wp-content/et-cache/94/et-core-unified-tb-2759-deferred-94.minb2b5.css]
[thelightproject.co.nz/wp-content/uploads/2018/12/1-1-Social-Tile2.jpg]
[thelightproject.co.nz/professionals/schools/index.html]
[thelightproject.co.nz/wp-content/et-cache/96/et-divi-dynamic-tb-2759-96-late711a.css]
[thelightproject.co.nz/contact-us/index.html]
[thelightproject.co.nz/wp-content/et-cache/96/et-divi-dynamic-tb-2759-96711a.css]
[thelightproject.co.nz/wp-json/wp/v2/pages/96.json]
[thelightproject.co.nz/wp-json/oembed/1.0/embed60f5.json]
[thelightproject.co.nz/wp-json/oembed/1.0/embedd1d5]
[thelightproject.co.nz/wp-content/et-cache/96/et-core-unified-tb-2759-deferred-96.min8084.css]
[thelightproject.co.nz/professionals/youth-organisations/index.html]
[thelightproject.co.nz/wp-content/et-cache/100/et-divi-dynamic-tb-2759-100309d.css]
[thelightproject.co.nz/wp-json/wp/v2/pages/100.json]
[thelightproject.co.nz/wp-json/oembed/1.0/embed8691.json]
[thelightproject.co.nz/wp-json/oembed/1.0/embedd425]
[thelightproject.co.nz/wp-content/uploads/2021/06/Talking-with-youth-banner.jpg]
[thelightproject.co.nz/wp-content/et-cache/100/et-core-unified-tb-2759-deferred-100.min701e.css]
[tlpprod.wpengine.com/wp-content/uploads/2018/09/REPORT-BEFORE.png]
[thelightproject.co.nz/professionals/talking-with-youth/index.html]
[thelightproject.co.nz/wp-content/et-cache/102/et-divi-dynamic-tb-2759-1023242.css]
[thelightproject.co.nz/wp-json/wp/v2/pages/102.json]
[thelightproject.co.nz/wp-json/oembed/1.0/embede520.json]
[thelightproject.co.nz/wp-json/oembed/1.0/embeda17f]
[thelightproject.co.nz/wp-content/uploads/2018/08/Banner_culture.jpg]
[thelightproject.co.nz/wp-content/et-cache/102/et-core-unified-tb-2759-deferred-102.mina400.css]
[thelightproject.co.nz/wp-content/uploads/2018/09/PornTheFacts.jpg]
[thelightproject.co.nz/wp-content/uploads/2018/09/Resrouces.jpg]
[thelightproject.co.nz/wp-content/uploads/2018/09/Site-wide-tiles2.jpg]
[thelightproject.co.nz/wp-content/uploads/2018/12/Two-Nights-Flyer.pdf]
[thelightproject.co.nz/wp-content/uploads/2018/09/GreatSexVsPornSex.jpg]
[thelightproject.co.nz/wp-content/uploads/2018/10/CanPornAffectUs-1024x1024.jpg]
[thelightproject.co.nz/wp-content/uploads/2018/09/PornTalksWithYouth.jpg]
[thelightproject.co.nz/professionals/culture-community-connect/index.html]
[thelightproject.co.nz/wp-content/et-cache/23/et-divi-dynamic-tb-2762-23352e.css]
[thelightproject.co.nz/wp-json/wp/v2/pages/23.json]
[thelightproject.co.nz/wp-json/oembed/1.0/embeddd3b.json]
[thelightproject.co.nz/wp-json/oembed/1.0/embed6e82]
[thelightproject.co.nz/wp-content/uploads/2021/06/porn-the-facts-for-adults-footer-banner.jpg]
[thelightproject.co.nz/the-facts/index.html]
[thelightproject.co.nz/wp-content/et-cache/23/et-core-unified-tb-2762-deferred-23.minada9.css]
[thelightproject.co.nz/wp-content/et-cache/108/et-divi-dynamic-tb-2762-108b704.css]
[thelightproject.co.nz/wp-json/wp/v2/pages/108.json]
[thelightproject.co.nz/wp-json/oembed/1.0/embed6b51.json]
[thelightproject.co.nz/wp-json/oembed/1.0/embed5a16]
[thelightproject.co.nz/wp-content/et-cache/108/et-core-unified-tb-2762-deferred-108.minb704.css]
[thelightproject.co.nz/wp-content/uploads/2021/06/what-is-porn@4x.png]
[thelightproject.co.nz/wp-content/uploads/2021/06/why-graph@4x.png]
[thelightproject.co.nz/wp-content/uploads/2021/06/abuse@4x.png]
[thelightproject.co.nz/wp-content/uploads/2021/06/time@4x.png]
[thelightproject.co.nz/wp-content/uploads/2021/06/how-much@4x.png]
[thelightproject.co.nz/wp-content/uploads/2021/06/landscape@4x.png]
[thelightproject.co.nz/wp-content/uploads/2021/06/how-access@4x.png]
[thelightproject.co.nz/wp-content/uploads/2018/10/ATTITUDES101.png]
[thelightproject.co.nz/wp-content/uploads/2018/10/REALSEX101.png]
[thelightproject.co.nz/wp-content/uploads/2018/10/DEPRESSION101.png]
[thelightproject.co.nz/wp-content/uploads/2021/07/shame@4x-295x300.png]
[thelightproject.co.nz/wp-content/uploads/2018/10/BEHAVIOURS101.png]
[thelightproject.co.nz/wp-content/uploads/2018/10/SEX-AGGRESSION101.png]
[thelightproject.co.nz/wp-content/uploads/2018/10/COMPULSIVE101.png]
[thelightproject.co.nz/the-facts/porn-the-facts-for-adults/index.html]
[thelightproject.co.nz/wp-json/wp/v2/pages/82.json]
[thelightproject.co.nz/wp-json/oembed/1.0/embedb66d.json]
[thelightproject.co.nz/wp-json/oembed/1.0/embedb4ea]
[thelightproject.co.nz/wp-content/et-cache/82/et-core-unified-tb-2254-deferred-82.min9912.css]
[thelightproject.co.nz/wp-content/uploads/2021/06/caption-footer.svg]
[thelightproject.co.nz/resources/porn-and-young-people-research-articles/index.html]
[thelightproject.co.nz/wp-content/uploads/2021/06/quote-footer.svg]
[thelightproject.co.nz/wp-content/et-cache/78/et-divi-dynamic-tb-2780-78ee3f.css]
[thelightproject.co.nz/wp-json/wp/v2/pages/78.json]
[thelightproject.co.nz/wp-json/oembed/1.0/embed59d8.json]
[thelightproject.co.nz/wp-json/oembed/1.0/embed1395]
[thelightproject.co.nz/wp-content/uploads/2018/08/Banner_films.jpg]
[thelightproject.co.nz/resources/youtube-clips-and-films/index.html]
[thelightproject.co.nz/wp-content/et-cache/78/et-core-unified-tb-2780-deferred-78.min8652.css]
[thelightproject.co.nz/wp-content/et-cache/80/et-divi-dynamic-tb-2780-80-lateccd0.css]
[thelightproject.co.nz/wp-content/et-cache/80/et-divi-dynamic-tb-2780-80ccd0.css]
[thelightproject.co.nz/wp-json/wp/v2/pages/80.json]
[thelightproject.co.nz/wp-json/oembed/1.0/embed4ac7.json]
[thelightproject.co.nz/wp-json/oembed/1.0/embed77f8]
[thelightproject.co.nz/wp-content/et-cache/80/et-core-unified-tb-2780-deferred-80.min1b91.css]
[tlpprod.wpengine.com/wp-content/uploads/2018/09/FTND.jpg]
[tlpprod.wpengine.com/wp-content/uploads/2018/09/Culture-reframed.jpg]
[tlpprod.wpengine.com/wp-content/uploads/2018/09/eChildHood.jpg]
[tlpprod.wpengine.com/wp-content/uploads/2018/09/Safe-Surfer.jpg]
[tlpprod.wpengine.com/wp-content/uploads/2018/09/Its-time-we-talked.jpg]
[tlpprod.wpengine.com/wp-content/uploads/2018/09/Collective-shout.jpg]
[tlpprod.wpengine.com/wp-content/uploads/2018/09/Porn-Help.jpg]
[thelightproject.co.nz/resources/websites/index.html]
[thelightproject.co.nz/wp-content/et-cache/84/et-divi-dynamic-tb-2780-84aa11.css]
[thelightproject.co.nz/wp-json/wp/v2/pages/84.json]
[thelightproject.co.nz/wp-json/oembed/1.0/embedba03.json]
[thelightproject.co.nz/wp-json/oembed/1.0/embed1ff0]
[thelightproject.co.nz/wp-content/uploads/2018/08/Banner_books.jpg]
[thelightproject.co.nz/wp-content/et-cache/84/et-core-unified-tb-2780-deferred-84.min9fbb.css]
[tlpprod.wpengine.com/wp-content/uploads/2018/09/PORNLAND.jpg]
[thelightproject.co.nz/wp-content/uploads/2018/10/Wired-for-intimacy.jpg]
[thelightproject.co.nz/wp-content/uploads/2018/09/pornified.jpg]
[tlpprod.wpengine.com/wp-content/uploads/2018/09/Sexts-texts-selfies.jpg]
[thelightproject.co.nz/wp-content/uploads/2018/10/FORTIFY.jpg]
[tlpprod.wpengine.com/wp-content/uploads/2018/09/breaking-the-cycle.jpg]
[tlpprod.wpengine.com/wp-content/uploads/2018/09/Youth-porn-internet.jpg]
[tlpprod.wpengine.com/wp-content/uploads/2018/09/your-sexually-addicted-spouse.jpg]
[thelightproject.co.nz/wp-content/uploads/2018/10/Sex-addiction.jpg]
[thelightproject.co.nz/wp-content/uploads/2018/10/Everyday-Pornography.jpg]
[thelightproject.co.nz/wp-content/uploads/2018/10/PORN-TRAP.jpg]
[tlpprod.wpengine.com/wp-content/uploads/2018/09/breaking-porn-addiction.jpg]
[tlpprod.wpengine.com/wp-content/uploads/2018/09/big-porn-inc.jpg]
[thelightproject.co.nz/resources/books/index.html]
[thelightproject.co.nz/wp-content/et-cache/86/et-divi-dynamic-tb-2780-8625dd.css]
[thelightproject.co.nz/wp-json/wp/v2/pages/86.json]
[thelightproject.co.nz/wp-json/oembed/1.0/embed6edc.json]
[thelightproject.co.nz/wp-json/oembed/1.0/embed010a]
[thelightproject.co.nz/wp-content/uploads/2018/08/Banner_tools.jpg]
[thelightproject.co.nz/wp-content/et-cache/86/et-core-unified-tb-2780-deferred-86.mincb1b.css]
[thelightproject.co.nz/resources/tools-and-guidelines/index.html]
[thelightproject.co.nz/wp-content/et-cache/92/et-divi-dynamic-tb-2780-92ce02.css]
[thelightproject.co.nz/wp-json/wp/v2/pages/92.json]
[thelightproject.co.nz/wp-json/oembed/1.0/embed8af3.json]
[thelightproject.co.nz/wp-json/oembed/1.0/embed459d]
[thelightproject.co.nz/wp-content/uploads/2021/06/references-footer-banner.jpg]
[thelightproject.co.nz/wp-content/et-cache/92/et-core-unified-tb-2780-deferred-92.mince02.css]
[thelightproject.co.nz/wp-content/uploads/2018/12/TLP-Youth-Stakeholder-Survey-2018.pdf]
[thelightproject.co.nz/resources/website-references/index.html]
[thelightproject.co.nz/wp-content/et-cache/164/et-divi-dynamic-tb-2780-164fbfe.css]
[thelightproject.co.nz/wp-json/wp/v2/pages/164.json]
[thelightproject.co.nz/wp-json/oembed/1.0/embed7dc0.json]
[thelightproject.co.nz/wp-json/oembed/1.0/embedcf6a]
[thelightproject.co.nz/wp-content/uploads/2021/06/Porn-Use-Self-Check-Banner.jpg]
[thelightproject.co.nz/resources/porn-use-self-check/index.html]
[thelightproject.co.nz/wp-content/et-cache/164/et-core-unified-tb-2780-deferred-164.minfbfe.css]
[thelightproject.co.nz/wp-content/et-cache/90/et-divi-dynamic-tb-2780-90-late7ddf.css]
[thelightproject.co.nz/wp-content/et-cache/90/et-divi-dynamic-tb-2780-907ddf.css]
[thelightproject.co.nz/wp-json/wp/v2/pages/90.json]
[thelightproject.co.nz/wp-json/oembed/1.0/embedfec1.json]
[thelightproject.co.nz/wp-json/oembed/1.0/embed95ba]
[thelightproject.co.nz/wp-content/et-cache/90/et-core-unified-tb-2780-deferred-90.mind745.css]
[thelightproject.co.nz/wp-content/uploads/2018/10/1737.jpg]
[tlpprod.wpengine.com/wp-content/uploads/2018/09/auntydeeRed.png]
[thelightproject.co.nz/wp-content/uploads/2018/10/Youthline.jpg]
[tlpprod.wpengine.com/wp-content/uploads/2018/09/Safe-to-talk-e1536889585184.png]
[tlpprod.wpengine.com/wp-content/uploads/2018/09/lifeline-logo.png]
[thelightproject.co.nz/wp-content/uploads/2022/09/MĀORI-SERVICES-XS.png]
[thelightproject.co.nz/wp-content/uploads/2022/09/PASIFIKA-SERVICES-XS.png]
[thelightproject.co.nz/wp-content/uploads/2022/09/LGBTQI-services-xs.png]
[thelightproject.co.nz/wp-content/uploads/2022/09/Sexual-health-services-2.png]
[tlpprod.wpengine.com/wp-content/uploads/2018/09/foritfy.jpg]
[thelightproject.co.nz/wp-content/uploads/2022/05/remojo.jpg]
[thelightproject.co.nz/wp-content/uploads/2022/05/nakedtruth-1.png]
[tlpprod.wpengine.com/wp-content/uploads/2018/09/brainbuddy.jpg]
[thelightproject.co.nz/need-help/support-services-apps-and-links/index.html]
[thelightproject.co.nz/wp-content/et-cache/21/et-divi-dynamic-tb-2784-214b71.css]
[thelightproject.co.nz/wp-json/wp/v2/pages/21.json]
[thelightproject.co.nz/wp-json/oembed/1.0/embed78d3.json]
[thelightproject.co.nz/wp-json/oembed/1.0/embeded5f]
[thelightproject.co.nz/wp-content/uploads/2018/08/Banner_need_help.jpg]
[thelightproject.co.nz/need-help/index.html]
[thelightproject.co.nz/the-facts/porn-fact-sheet/index.html]
[thelightproject.co.nz/wp-content/et-cache/13/et-divi-dynamic-tb-2747-1313d5.css]
[thelightproject.co.nz/index2dc4.html]
[thelightproject.co.nz/wp-content/et-cache/13/et-core-unified-tb-2747-deferred-13.min13d5.css]
[thelightproject.co.nz/wp-content/et-cache/67/et-divi-dynamic-tb-2747-670a28.css]
[thelightproject.co.nz/index96f1.html]
[thelightproject.co.nz/wp-content/et-cache/67/et-core-unified-tb-2747-deferred-67.min7c71.css]
[thelightproject.co.nz/indexe2dc.html]
[thelightproject.co.nz/wp-content/et-cache/69/et-core-unified-tb-2747-deferred-69.min70ec.css]
[thelightproject.co.nz/wp-content/uploads/2018/09/GSVSPS.svg]
[www.intheknow.co.nz/xmlrpc.php]
[www.intheknow.co.nz/wp-includes/css/dist/block-library/style.min6a4d.css]
[www.intheknow.co.nz/wp-content/uploads/dmb/css/dp_custom_module_29386a4d.css]
[thelightproject.co.nz/wp-content/et-cache/21/et-core-unified-tb-2784-deferred-21.min4b71.css]
[www.intheknow.co.nz/wp-content/uploads/dmb/css/dp_custom_module_786a4d.css]
[www.intheknow.co.nz/wp-content/plugins/supreme-modules-pro-for-divi/styles/style.min39a3.css]
[www.intheknow.co.nz/wp-content/themes/Divi/includes/builder/feature/dynamic-assets/assets/css/magnific_popup39a3.css]
[www.intheknow.co.nz/wp-content/plugins/supreme-modules-pro-for-divi/public/css/swiper39a3.css]
[www.intheknow.co.nz/wp-content/plugins/supreme-modules-pro-for-divi/public/css/popup39a3.css]
[www.intheknow.co.nz/wp-content/plugins/supreme-modules-pro-for-divi/public/css/animate39a3.css]
[www.intheknow.co.nz/wp-content/plugins/supreme-modules-pro-for-divi/public/css/readmore39a3.css]
[www.intheknow.co.nz/wp-content/uploads/2020/08/svg-4x3-scale-lw2-5-green.svg]
[www.intheknow.co.nz/wp-content/themes/Divi/includes/builder/styles/images/preloader.gif]
[www.intheknow.co.nz/wp-content/themes/Divi/core/admin/fonts/modules/all/modules.eot]
[www.intheknow.co.nz/wp-content/themes/Divi/core/admin/fonts/modules/all/modulesd41d.eot]
[www.intheknow.co.nz/wp-content/themes/Divi/core/admin/fonts/modules/all/modules.ttf]
[www.intheknow.co.nz/wp-content/themes/Divi/core/admin/fonts/modules/all/modules.woff]
[www.intheknow.co.nz/wp-content/themes/Divi/core/admin/fonts/modules/all/modules.svg]
[www.intheknow.co.nz/wp-content/themes/Divi/core/admin/fonts/fontawesome/fa-regular-400.eot]
[www.intheknow.co.nz/wp-content/themes/Divi/core/admin/fonts/fontawesome/fa-regular-400d41d.eot]
[www.intheknow.co.nz/wp-content/themes/Divi/core/admin/fonts/fontawesome/fa-regular-400.woff2]
[www.intheknow.co.nz/wp-content/themes/Divi/core/admin/fonts/fontawesome/fa-regular-400.woff]
[www.intheknow.co.nz/wp-content/themes/Divi/core/admin/fonts/fontawesome/fa-regular-400.ttf]
[www.intheknow.co.nz/wp-content/themes/Divi/core/admin/fonts/fontawesome/fa-regular-400.svg]
[www.intheknow.co.nz/wp-content/themes/Divi/core/admin/fonts/fontawesome/fa-solid-900.woff2]
[www.intheknow.co.nz/wp-content/themes/Divi/core/admin/fonts/fontawesome/fa-solid-900.woff]
[www.intheknow.co.nz/wp-content/themes/Divi/core/admin/fonts/fontawesome/fa-solid-900d41d.eot]
[www.intheknow.co.nz/wp-content/themes/Divi/core/admin/fonts/fontawesome/fa-solid-900.eot]
[www.intheknow.co.nz/wp-content/themes/Divi/core/admin/fonts/fontawesome/fa-solid-900.ttf]
[www.intheknow.co.nz/wp-content/themes/Divi/core/admin/fonts/fontawesome/fa-brands-400.eot]
[www.intheknow.co.nz/wp-content/themes/Divi/core/admin/fonts/fontawesome/fa-solid-900.svg]
[www.intheknow.co.nz/wp-content/themes/Divi/core/admin/fonts/fontawesome/fa-brands-400d41d.eot]
[www.intheknow.co.nz/wp-content/themes/Divi/core/admin/fonts/fontawesome/fa-brands-400.woff2]
[www.intheknow.co.nz/wp-content/themes/Divi/core/admin/fonts/fontawesome/fa-brands-400.woff]
[www.intheknow.co.nz/wp-content/themes/Divi/core/admin/fonts/fontawesome/fa-brands-400.ttf]
[www.intheknow.co.nz/wp-content/themes/Divi/core/admin/fonts/fontawesome/fa-brands-400.svg]
[www.intheknow.co.nz/wp-content/themes/Divi/includes/builder/styles/images/subscribe-loader.gif]
[www.intheknow.co.nz/wp-content/themes/Divi/style-static.min085e.css]
[www.intheknow.co.nz/wp-content/themes/intheknow-divi-child/fonts/StonedYouthRegular.woff2]
[www.intheknow.co.nz/wp-content/themes/intheknow-divi-child/fonts/StonedYouthRegular.woff]
[www.intheknow.co.nz/wp-content/themes/intheknow-divi-child/fonts/StonedYouthRegular.ttf]
[www.intheknow.co.nz/wp-content/themes/intheknow-divi-child/fonts/StonedYouthRegular.svg]
[www.intheknow.co.nz/wp-content/themes/intheknow-divi-child/fonts/GloryCultureAllCaps.woff2]
[www.intheknow.co.nz/wp-content/themes/intheknow-divi-child/fonts/GloryCultureAllCaps.woff]
[www.intheknow.co.nz/wp-content/themes/intheknow-divi-child/fonts/GloryCultureAlt.woff2]
[www.intheknow.co.nz/wp-content/themes/intheknow-divi-child/fonts/GloryCultureAlt.woff]
[www.intheknow.co.nz/wp-content/themes/intheknow-divi-child/fonts/GloryCultureSwash.woff2]
[www.intheknow.co.nz/wp-content/themes/intheknow-divi-child/fonts/GloryCultureSwash.woff]
[www.intheknow.co.nz/wp-content/themes/intheknow-divi-child/fonts/GloryCulture.woff2]
[www.intheknow.co.nz/wp-content/themes/intheknow-divi-child/fonts/GloryCulture.woff]
[www.intheknow.co.nz/wp-content/themes/intheknow-divi-child/fonts/TrashHand.svg]
[www.intheknow.co.nz/wp-content/themes/intheknow-divi-child/fonts/TrashHand.otf]
[www.intheknow.co.nz/wp-content/themes/intheknow-divi-child/fonts/TrashHand.ttf]
[www.intheknow.co.nz/wp-content/themes/intheknow-divi-child/fonts/TrashHand.eot]
[www.intheknow.co.nz/wp-content/themes/intheknow-divi-child/fonts/TrashHandd41d.eot]
[www.intheknow.co.nz/wp-content/themes/intheknow-divi-child/fonts/TrashHand.woff2]
[www.intheknow.co.nz/wp-content/themes/intheknow-divi-child/fonts/TrashHand.woff]
[www.intheknow.co.nz/wp-content/themes/intheknow-divi-child/fonts/ImpactLabel.eot]
[www.intheknow.co.nz/wp-content/themes/intheknow-divi-child/fonts/ImpactLabeld41d.eot]
[www.intheknow.co.nz/wp-content/themes/intheknow-divi-child/fonts/ImpactLabel.woff2]
[www.intheknow.co.nz/wp-content/themes/intheknow-divi-child/fonts/ImpactLabel.woff]
[www.intheknow.co.nz/wp-content/themes/intheknow-divi-child/fonts/ImpactLabel.ttf]
[www.intheknow.co.nz/wp-content/themes/intheknow-divi-child/fonts/ImpactLabel.svg]
[www.intheknow.co.nz/wp-content/themes/intheknow-divi-child/fonts/LazyHand-Regular.eot]
[www.intheknow.co.nz/wp-content/themes/intheknow-divi-child/fonts/LazyHand-Regulard41d.eot]
[www.intheknow.co.nz/wp-content/themes/intheknow-divi-child/fonts/LazyHand-Regular.woff2]
[www.intheknow.co.nz/wp-content/themes/intheknow-divi-child/fonts/LazyHand-Regular.woff]
[www.intheknow.co.nz/wp-content/themes/intheknow-divi-child/fonts/LazyHand-Regular.ttf]
[www.intheknow.co.nz/wp-content/themes/intheknow-divi-child/fonts/LazyHand-Regular.svg]
[www.intheknow.co.nz/wp-content/uploads/2020/08/STAR-BULLETbig.svg]
[www.intheknow.co.nz/wp-content/uploads/2020/08/TICKbig.svg]
[www.intheknow.co.nz/wp-content/uploads/2022/06/dollar-bullet-2.gif]
[www.intheknow.co.nz/wp-content/uploads/2022/03/smiley-bullet.png]
[www.intheknow.co.nz/wp-content/uploads/2022/06/SOC-pink-smiley-bullet.gif]
[www.intheknow.co.nz/wp-content/uploads/2022/06/SOC-checklist-tick.gif]
[www.intheknow.co.nz/wp-content/uploads/2022/03/scribble-bullet.gif]
[www.intheknow.co.nz/wp-content/uploads/2022/03/tick-bullet-1.gif]
[www.intheknow.co.nz/wp-content/uploads/2020/08/tab-one250820-darker.png]
[www.intheknow.co.nz/wp-content/uploads/2020/08/tab-three250820.png]
[www.intheknow.co.nz/wp-content/uploads/2020/08/tab-two250820.png]
[www.intheknow.co.nz/wp-content/uploads/2020/08/tab-four250820.png]
[www.intheknow.co.nz/wp-content/uploads/2020/08/tab-one-active250820.png]
[www.intheknow.co.nz/wp-content/uploads/2020/08/tab-two-active250820.png]
[www.intheknow.co.nz/wp-content/uploads/2020/08/tab-three-active250820.png]
[www.intheknow.co.nz/wp-content/uploads/2020/08/tab-four-active250820.png]
[www.intheknow.co.nz/wp-content/uploads/2020/08/listen-xs-2.png]
[www.intheknow.co.nz/wp-content/uploads/2022/03/scribbles-1.jpg]
[www.intheknow.co.nz/wp-content/uploads/2022/06/SOC-Intro-Pandas.gif]
[www.intheknow.co.nz/wp-content/uploads/2022/06/SOC-buy-share-right-image-3.png]
[www.intheknow.co.nz/wp-content/uploads/2022/06/SOC-buy-share-right-image-4.png]
[www.intheknow.co.nz/wp-content/uploads/2022/06/SOC-buy-share-left-image-6.png]
[www.intheknow.co.nz/wp-content/uploads/2022/06/SOC-pre-check-right-image-6.jpg]
[www.intheknow.co.nz/wp-content/uploads/2022/06/SOC-safer-ways-to-sell-content-left-pug-2.jpg]
[www.intheknow.co.nz/wp-content/uploads/2022/06/SOC-cat-fishing-bubble-gum-man.jpg]
[www.intheknow.co.nz/wp-content/uploads/2022/03/flamin-1.jpg]
[www.intheknow.co.nz/wp-content/uploads/2022/03/scribbles-2.jpg]
[www.intheknow.co.nz/wp-content/uploads/2022/03/scribbles-3.gif]
[www.intheknow.co.nz/wp-content/uploads/2022/04/smiling-tvs2.png]
[www.intheknow.co.nz/wp-content/uploads/2022/03/yes-or-no.gif]
[www.intheknow.co.nz/wp-content/uploads/2022/03/Quick-nav.gif]
[www.intheknow.co.nz/wp-content/uploads/2022/06/SOC-get-it-sorted-1.gif]
[www.intheknow.co.nz/wp-content/uploads/2022/04/rs-butterfly.gif]
[www.intheknow.co.nz/wp-content/uploads/2022/03/flowers.gif]
[www.intheknow.co.nz/wp-content/uploads/2022/03/smiley-bg.png]
[www.intheknow.co.nz/wp-content/uploads/2022/03/choking-scribble.gif]
[www.intheknow.co.nz/wp-content/uploads/2022/03/Quick-check-list-1.gif]
[www.intheknow.co.nz/wp-content/uploads/2022/04/heavyinfo-2.gif]
[www.intheknow.co.nz/wp-content/uploads/2022/03/ck-speech.gif]
[www.intheknow.co.nz/wp-content/uploads/2022/06/SOC-Quick-NAV-note.gif]
[www.intheknow.co.nz/wp-content/uploads/2022/06/SOC-Some-things-to-consider-left-quote-6.jpg]
[www.intheknow.co.nz/wp-content/uploads/2022/06/SOC-Some-things-to-consider-right-quote-6.jpg]
[www.intheknow.co.nz/wp-content/uploads/2022/06/SOC-sugar-daddies-right-quote-2-1.png]
[www.intheknow.co.nz/wp-content/uploads/2022/06/SOC-checlist-right-quote.jpg]
[www.intheknow.co.nz/wp-content/uploads/2022/06/SOC-at-risk-title-bg-4-1.jpg]
[www.intheknow.co.nz/wp-content/uploads/2022/06/SOC-safer-ways-to-sell-content-right.jpg]
[www.intheknow.co.nz/wp-content/uploads/2022/06/SOC-at-risk-title-bg-5.jpg]
[www.intheknow.co.nz/wp-content/uploads/2022/06/SOC-at-risk-left-image-5.jpg]
[www.intheknow.co.nz/wp-content/uploads/2022/06/SOC-Tips-Tools-quote.png]
[www.intheknow.co.nz/wp-content/uploads/2022/06/SOC-dreamer.jpg]
[www.intheknow.co.nz/wp-content/uploads/2022/05/rs-tape-1.png]
[www.intheknow.co.nz/wp-content/uploads/2022/05/quote-NZ-Gay-Male-21-1.png]
[www.intheknow.co.nz/wp-content/uploads/2022/03/theLowDown-Div-01.svg]
[www.intheknow.co.nz/wp-content/uploads/2022/03/rough-sex-scribble.svg]
[www.intheknow.co.nz/wp-content/uploads/2022/05/heart-man4.png]
[www.intheknow.co.nz/wp-content/uploads/2022/03/consent-arrow.png]
[www.intheknow.co.nz/wp-content/uploads/2022/05/rs-quote-1.png]
[www.intheknow.co.nz/wp-content/themes/intheknow-divi-child/style2960.css]
[www.intheknow.co.nz/wp-content/themes/intheknow-divi-child/tips-slider2960.css]
[www.intheknow.co.nz/index27cd.html]
[www.intheknow.co.nz/wp-content/uploads/2022/03/theLowDownMobile-1.svg]
[use.typekit.net/af/9ee3ad/0000000000000000773599f6/30/le196]
[use.typekit.net/af/9ee3ad/0000000000000000773599f6/30/de196]
[use.typekit.net/af/9ee3ad/0000000000000000773599f6/30/ae196]
[use.typekit.net/af/3e4842/00000000000000007735a2ce/30/le196]
[use.typekit.net/af/3e4842/00000000000000007735a2ce/30/de196]
[use.typekit.net/af/3e4842/00000000000000007735a2ce/30/ae196]
[use.typekit.net/af/72878e/00000000000000007735c001/30/le196]
[use.typekit.net/af/72878e/00000000000000007735c001/30/de196]
[use.typekit.net/af/72878e/00000000000000007735c001/30/ae196]
[use.typekit.net/af/b423b9/00000000000000007735cc72/30/le196]
[use.typekit.net/af/b423b9/00000000000000007735cc72/30/de196]
[use.typekit.net/rft7yyd.css]
[www.intheknow.co.nz/wp-content/uploads/2020/07/In-The-Know.svg]
[use.typekit.net/af/b423b9/00000000000000007735cc72/30/ae196]
[www.intheknow.co.nz/wp-json/wp/v2/pages/420.json]
[www.intheknow.co.nz/wp-json/oembed/1.0/embedca7d.json]
[www.intheknow.co.nz/wp-json/oembed/1.0/embedd143]
[www.intheknow.co.nz/wp-content/uploads/2020/09/tv-lightning.png]
[www.intheknow.co.nz/wp-content/uploads/2020/09/VHS-1024x744.png]
[www.intheknow.co.nz/wp-content/uploads/2020/09/dread-dude.png]
[www.intheknow.co.nz/wp-content/uploads/2020/08/whanau.jpg]
[www.intheknow.co.nz/wp-content/uploads/2020/08/auntydeeRed.png]
[www.intheknow.co.nz/wp-content/uploads/2020/09/2.-dad-and-son-maori.jpg]
[www.intheknow.co.nz/talking-to-whanau/index.html]
[www.intheknow.co.nz/wp-content/uploads/2020/08/dotted-antsbig.svg]
[www.intheknow.co.nz/cdn-cgi/l/email-protection.html]
[www.intheknow.co.nz/wp-json/wp/v2/pages/4120.json]
[www.intheknow.co.nz/wp-json/oembed/1.0/embedd693.json]
[www.intheknow.co.nz/wp-json/oembed/1.0/embed6026]
[www.intheknow.co.nz/wp-content/uploads/2020/09/maori.jpg]
[www.intheknow.co.nz/wp-content/uploads/2020/09/Te-Rau-Ora-Logo_400px-300x230.png]
[www.intheknow.co.nz/wp-content/uploads/2020/08/0800-hey-bro-300x300.jpg]
[www.intheknow.co.nz/wp-content/uploads/2020/09/TOAH_NNEST1-300x142.png]
[www.intheknow.co.nz/wp-content/uploads/2020/09/Screen-Shot-2020-09-03-at-3.40.17-PM-300x101.png]
[www.intheknow.co.nz/wp-content/uploads/2020/09/bros.jpg]
[www.intheknow.co.nz/wp-content/uploads/2020/08/unnamed.png]
[www.intheknow.co.nz/wp-content/uploads/2020/08/logo.png]
[www.intheknow.co.nz/wp-content/uploads/2020/09/ministryofhealth-facebooktile2-300x158.jpg]
[www.intheknow.co.nz/wp-content/uploads/2020/09/maori-landing2-1.jpg]
[www.intheknow.co.nz/maori-services/index.html]
[www.intheknow.co.nz/wp-json/wp/v2/pages/4077.json]
[www.intheknow.co.nz/wp-json/oembed/1.0/embedbcbf.json]
[www.intheknow.co.nz/wp-json/oembed/1.0/embed4485]
[www.intheknow.co.nz/wp-content/uploads/2020/08/relationships.jpg]
[www.intheknow.co.nz/wp-content/uploads/2020/09/OutLineNZ-Logo-300x231.png]
[www.intheknow.co.nz/wp-content/uploads/2022/09/Be-There-300x136.png]
[www.intheknow.co.nz/wp-content/uploads/2020/09/health-navigator-logo-300x194.jpg]
[www.intheknow.co.nz/wp-content/uploads/2022/09/Im-Local-Kiwi-600px-300x283.png]
[www.intheknow.co.nz/wp-content/uploads/2020/09/newsDetail20181222-LOGO-WEBSITE-300x300.png]
[www.intheknow.co.nz/wp-content/uploads/2020/09/LGBTQI-landing.jpg]
[www.intheknow.co.nz/lgbttqi-services/index.html]
[www.intheknow.co.nz/wp-json/wp/v2/pages/4061.json]
[www.intheknow.co.nz/wp-json/oembed/1.0/embed3a82.json]
[www.intheknow.co.nz/wp-json/oembed/1.0/embed9e77]
[www.intheknow.co.nz/wp-content/uploads/2020/09/pasifika-1.jpg]
[www.intheknow.co.nz/wp-content/uploads/2020/09/leva.png]
[www.intheknow.co.nz/wp-content/uploads/2020/09/Village_Med-300x199.jpg]
[www.intheknow.co.nz/wp-content/uploads/2020/09/pasifika-landing.jpg]
[www.intheknow.co.nz/pasifika-services/index.html]
[www.intheknow.co.nz/wp-json/wp/v2/pages/4111.json]
[www.intheknow.co.nz/wp-json/oembed/1.0/embed4bea.json]
[www.intheknow.co.nz/wp-json/oembed/1.0/embed6962]
[www.intheknow.co.nz/wp-content/uploads/2020/09/e5ea5ea896512e6-300x200.jpg]
[www.intheknow.co.nz/wp-content/uploads/2020/09/Just-The-Facts-Logo-Tag-300x59.png]
[www.intheknow.co.nz/wp-content/uploads/2020/09/Screen-Shot-2020-09-03-at-4.15.24-PM-300x107.png]
[www.intheknow.co.nz/wp-content/uploads/2020/09/youth-oss-300x161.jpg]
[www.intheknow.co.nz/wp-content/uploads/2020/09/sexual-health-.jpg]
[www.intheknow.co.nz/sexual-health-services/index.html]
[www.intheknow.co.nz/wp-json/wp/v2/pages/4130.json]
[www.intheknow.co.nz/wp-json/oembed/1.0/embed4606.json]
[www.intheknow.co.nz/wp-json/oembed/1.0/embed6cf4]
[www.intheknow.co.nz/wp-content/uploads/2020/09/girl-on-skate-board-about-us.jpg]
[www.intheknow.co.nz/about-us/index.html]
[www.intheknow.co.nz/wp-content/uploads/2020/07/TLPLogo_support.svg]
[www.intheknow.co.nz/wp-json/wp/v2/pages/132.json]
[www.intheknow.co.nz/wp-json/oembed/1.0/embeda229.json]
[www.intheknow.co.nz/wp-json/oembed/1.0/embed1e62]
[www.intheknow.co.nz/wp-content/uploads/2020/08/grumble-emoji-284x300.jpg]
[www.intheknow.co.nz/wp-content/uploads/2020/08/selfie-xs.png]
[www.intheknow.co.nz/wp-content/uploads/2020/08/Zipit-app-150x150.png]
[www.intheknow.co.nz/wp-content/uploads/2020/09/nudes-lines.png]
[www.intheknow.co.nz/wp-content/uploads/2020/09/heart-glasses-trans.png]
[www.intheknow.co.nz/wp-content/uploads/2020/09/8-2-girls-.jpg]
[www.intheknow.co.nz/schooling-up-on-nudes/index.html]
[www.intheknow.co.nz/wp-json/wp/v2/pages/5585.json]
[www.intheknow.co.nz/wp-json/oembed/1.0/embed5011.json]
[www.intheknow.co.nz/wp-json/oembed/1.0/embedc35b]
[www.intheknow.co.nz/wp-content/uploads/2022/06/SOC-main-page-title-2.png]
[www.intheknow.co.nz/wp-content/uploads/2022/06/SOC-intro-image-left-2.jpg]
[www.intheknow.co.nz/wp-content/uploads/2022/06/SOC-need-to-know-title4.png]
[www.intheknow.co.nz/wp-content/uploads/2022/06/SOC-Some-things-to-think-about-title-5.jpg]
[www.intheknow.co.nz/wp-content/uploads/2022/06/SOC-Some-things-to-consider-pineapple.jpg]
[www.intheknow.co.nz/creating-sexual-content/creating-sexual-content-tips-tools/index.html]
[www.intheknow.co.nz/wp-content/uploads/2022/06/SOC-pineapple-girls.gif]
[www.intheknow.co.nz/wp-content/uploads/2022/06/SOC-legal-lowdown-quote-left-6.jpg]
[www.intheknow.co.nz/wp-content/uploads/2022/06/SOC-legal-lowdown-quote-right-6.jpg]
[www.intheknow.co.nz/wp-content/uploads/2022/06/SOC-buy-share-title-6.png]
[www.intheknow.co.nz/wp-content/uploads/2022/06/SOC-safer-ways-to-sell-content-title-2.png]
[www.intheknow.co.nz/wp-content/uploads/2022/06/SOC-safer-ways-to-sell-content-left-quote-6-1.jpg]
[www.intheknow.co.nz/wp-content/uploads/2022/06/SOC-safer-ways-to-sell-content-right-quote-6.jpg]
[www.intheknow.co.nz/wp-content/uploads/2022/06/SOC-catfishing-intro-2.jpg]
[www.intheknow.co.nz/wp-content/uploads/2022/06/SOC-SUGAR-DADDIE-6.png]
[www.intheknow.co.nz/wp-content/uploads/2022/06/SOC-Pre-checklist-title-2.png]
[www.intheknow.co.nz/wp-content/uploads/2022/06/SOC-checklist-left-image-1.jpg]
[www.intheknow.co.nz/wp-content/uploads/2022/06/SOC-at-risk-title.png]
[www.intheknow.co.nz/wp-content/uploads/2022/06/SOC-at-risk-title-bg-2.jpg]
[www.intheknow.co.nz/wp-content/uploads/2022/06/SOC-scribble-divider.gif]
[www.intheknow.co.nz/wp-content/uploads/2022/06/SOC-reduce-the-risks-title.jpg]
[www.intheknow.co.nz/wp-content/uploads/2022/06/SOC-Tools-Tip-Quote-2.jpg]
[www.intheknow.co.nz/wp-content/uploads/2022/06/preloader-2.gif]
[www.intheknow.co.nz/wp-content/uploads/2022/06/SOC-creating-online-concent-page-title-bg.jpg]
[www.intheknow.co.nz/creating-sexual-content/index.html]
[www.intheknow.co.nz/wp-json/wp/v2/pages/4908.json]
[www.intheknow.co.nz/wp-json/oembed/1.0/embed4240.json]
[www.intheknow.co.nz/wp-json/oembed/1.0/embed63e9]
[www.intheknow.co.nz/wp-content/uploads/2022/04/rs-tile.jpg]
[www.intheknow.co.nz/rough-sex/index.html]
[www.intheknow.co.nz/wp-content/uploads/2022/04/ck-tile.jpg]
[www.intheknow.co.nz/choking/index.html]
[www.intheknow.co.nz/wp-content/uploads/2022/05/RS-CH-Banner.jpg]
[www.intheknow.co.nz/rough-sex-and-choking/index.html]
[www.intheknow.co.nz/wp-json/wp/v2/pages/445.json]
[www.intheknow.co.nz/wp-json/oembed/1.0/embed189c.json]
[www.intheknow.co.nz/wp-json/oembed/1.0/embed05ba]
[www.intheknow.co.nz/wp-content/uploads/2020/08/Home-page-hands-watermark.jpg]
[www.intheknow.co.nz/wp-content/uploads/2020/09/coffee-cup-illustration-536x1024.png]
[www.intheknow.co.nz/wp-content/uploads/2020/09/long-hair-girl.png]
[www.intheknow.co.nz/wp-content/uploads/2020/09/headphones-bg-xs.png]
[www.intheknow.co.nz/wp-content/uploads/2020/09/3.-girls-on-bench.jpg]
[www.intheknow.co.nz/mental-health-body-image/index.html]
[www.intheknow.co.nz/wp-json/wp/v2/pages/442.json]
[www.intheknow.co.nz/wp-json/oembed/1.0/embed6aff.json]
[www.intheknow.co.nz/wp-json/oembed/1.0/embed8019]
[www.intheknow.co.nz/wp-content/uploads/2020/09/dotted-dude.png]
[www.intheknow.co.nz/wp-content/uploads/2020/09/xxx-laptop-1024x758.png]
[www.intheknow.co.nz/wp-content/uploads/2020/09/3dpeace-300x275.png]
[www.intheknow.co.nz/wp-content/uploads/2020/09/sun-glases-300x165.png]
[www.intheknow.co.nz/wp-content/uploads/2020/08/feeling-aggressive.jpg]
[www.intheknow.co.nz/wp-content/uploads/2020/08/are-you-ok-300x73.png]
[www.intheknow.co.nz/wp-content/uploads/2020/08/tautokomai_header_logo.svg]
[www.intheknow.co.nz/wp-content/uploads/2022/03/full-logo-on-transparent-png_orig-269x300.png]
[www.intheknow.co.nz/wp-content/uploads/2020/08/Screen-Shot-2020-08-21-at-9.25.28-AM-300x105.png]
[www.intheknow.co.nz/wp-content/uploads/2020/08/Screen-Shot-2020-08-21-at-10.36.55-AM-300x93.png]
[www.intheknow.co.nz/wp-content/uploads/2020/09/10.-watch-less-but-cant-1.jpg]
[www.intheknow.co.nz/feeling-sexually-aggressive/index.html]
[www.intheknow.co.nz/wp-json/wp/v2/pages/501.json]
[www.intheknow.co.nz/wp-json/oembed/1.0/embedde01.json]
[www.intheknow.co.nz/wp-json/oembed/1.0/embed09f6]
[www.intheknow.co.nz/wp-content/uploads/2020/09/cool-dude.png]
[www.intheknow.co.nz/wp-content/uploads/2020/09/game-remote.png]
[www.intheknow.co.nz/wp-content/uploads/2020/09/retro-glasses-1024x458.png]
[www.intheknow.co.nz/wp-content/uploads/2020/09/girl-headphones-butterfly.png]
[www.intheknow.co.nz/wp-content/uploads/2020/09/7.-3-boys-in-room.jpg]
[www.intheknow.co.nz/worried-about-someone-else/index.html]
[www.intheknow.co.nz/wp-json/wp/v2/pages/520.json]
[www.intheknow.co.nz/wp-json/oembed/1.0/embedca43.json]
[www.intheknow.co.nz/wp-json/oembed/1.0/embedbf3e]
[www.intheknow.co.nz/wp-content/uploads/2020/09/rapper.png]
[www.intheknow.co.nz/wp-content/uploads/2020/09/heart-glasses-trans-1024x558.png]
[www.intheknow.co.nz/wp-content/uploads/2020/09/no-regrets-xs.png]
[www.intheknow.co.nz/wp-content/uploads/2020/09/holdinghands.png]
[www.intheknow.co.nz/wp-content/uploads/2020/08/girl-headphones.png]
[www.intheknow.co.nz/wp-content/uploads/2020/09/4.-asian-guy-and-white-girl-laughing.jpg]
[www.intheknow.co.nz/porn-affecting-relationships/index.html]
[www.intheknow.co.nz/wp-json/wp/v2/pages/458.json]
[www.intheknow.co.nz/wp-json/oembed/1.0/embed54d9.json]
[www.intheknow.co.nz/wp-json/oembed/1.0/embed5a01]
[www.intheknow.co.nz/wp-content/uploads/2020/08/videotape.png]
[www.intheknow.co.nz/wp-content/uploads/2020/09/hiphop-dude-questions.png]
[www.intheknow.co.nz/wp-content/uploads/2020/08/feeling-pressure-1.jpg]
[www.intheknow.co.nz/wp-content/uploads/2020/08/Womens-Refuge-Logo-RGB_Web-300x64.png]
[www.intheknow.co.nz/wp-content/uploads/2020/08/Police-Logo-300x125.png]
[www.intheknow.co.nz/wp-content/uploads/2020/08/shine-logo-tagline-pos-CMYK-300x126.jpg]
[www.intheknow.co.nz/wp-content/uploads/2020/08/shaktiLogoMain.png]
[www.intheknow.co.nz/wp-content/uploads/2020/09/home-page.jpg]
[www.intheknow.co.nz/feeling-pressure/index.html]
[www.intheknow.co.nz/wp-json/wp/v2/pages/513.json]
[www.intheknow.co.nz/wp-json/oembed/1.0/embed412c.json]
[www.intheknow.co.nz/wp-json/oembed/1.0/embed88f3]
[www.intheknow.co.nz/wp-content/uploads/2020/09/girl-dotted.png]
[www.intheknow.co.nz/wp-content/uploads/2020/08/eye-laptop.png]
[www.intheknow.co.nz/wp-content/uploads/2020/09/phone-heart.png]
[www.intheknow.co.nz/wp-content/uploads/2020/08/online-sexual-experiences.jpg]
[www.intheknow.co.nz/wp-content/uploads/2020/09/8-girl-pouting-1-1.jpg]
[www.intheknow.co.nz/online-sexual-experiences/index.html]
[www.intheknow.co.nz/wp-content/plugins/divi-overlays/assets/img/divilife-loader.svg]
[cdnjs.cloudflare.com/ajax/libs/animate.css/4.1.1/animate.min0235.css]
[www.intheknow.co.nz/wp-content/plugins/divi-overlays/assets/css/custom_animationsde7d.css]
[www.intheknow.co.nz/wp-content/plugins/divi-overlays/assets/css/stylede7d.css]
[www.intheknow.co.nz/indexedce.html]
[thelightproject.co.nz/wp-content/et-cache/11/et-core-unified-tb-2736-deferred-11.mind014.css]
[netsafe.org.nz/e.html]
[netsafe.org.nz/Firefox/index.html]
[netsafe.org.nz/feed/index.html]
[netsafe.org.nz/wp-includes/css/dist/block-library/style.min.css]
[netsafe.org.nz/wp-includes/css/classic-themes.min.css]
[netsafe.org.nz/wp-content/plugins/affiliate-wp/assets/css/forms.min.css]
[netsafe.org.nz/wp-content/themes/kadence/assets/css/global.min.css]
[netsafe.org.nz/wp-content/themes/kadence/assets/css/header.min.css]
[netsafe.org.nz/wp-content/themes/kadence/assets/css/content.min.css]
[netsafe.org.nz/wp-content/themes/kadence/assets/css/footer.min.css]
[netsafe.org.nz/wp-content/plugins/simple-social-icons/css/style.css]
[netsafe.org.nz/wp-content/plugins/kadence-blocks/dist/style-blocks-rowlayout.css]
[netsafe.org.nz/wp-content/plugins/kadence-blocks/dist/style-blocks-column.css]
[netsafe.org.nz/wp-content/plugins/wp-rocket/assets/img/youtube.html]
[netsafe.org.nz/xmlrpc0db0.html]
[netsafe.org.nz/wp-includes/wlwmanifest.html]
[netsafe.org.nz/wp-json/oembed/1.0/embed11bd.html]
[netsafe.org.nz/wp-json/oembed/1.0/embed7fe8.html]
[storage.faqbot.nz/prod/DFwKw4IBHFK2dKFH/css/bundle.9e69060c553c3c4012e0ccc4d834f2c3.css]
[www.googletagmanager.com/gtm5445.html]
[netsafe.org.nz/c.453.delayed]
[netsafe.org.nz/b]
[netsafe.org.nz/POST]
[connect.facebook.net/en_US/fbevents2f15.js]
[netsafe.org.nz/wp-content/uploads/2017/06/ns-Favicon-32x32.html]
[netsafe.org.nz/cdn-cgi/zaraz/sd0d9.js]
[netsafe.org.nz/wp-content/uploads/2023/03/Ourpurpose_values2023.png]
[netsafe.org.nz/wp-content/themes/kadence/assets/css/sidebar.min.css]
[netsafe.org.nz/wp-includes/js/jquery/jquery.min.js]
[netsafe.org.nz/wp-content/plugins/affiliate-wp/assets/js/jquery.cookie.min.js]
[netsafe.org.nz/wp-content/plugins/affiliate-wp/assets/js/tracking.min.js]
[netsafe.org.nz/wp-json/oembed/1.0/embedb19c]
[netsafe.org.nz/indexc471.html]
[netsafe.org.nz/wp-json/oembed/1.0/embedf417]
[www.googletagmanager.com/gtag/jsbab8]
[netsafe.org.nz/wp-content/uploads/2020/08/2-1-768x432-jpg.webp]
[netsafe.org.nz/wp-content/uploads/2023/04/Newsletter-KV-keteWEB-768x768.45f.delayed]
[netsafe.org.nz/school-newsletter-pack/index.html]
[netsafe.org.nz/wp-content/uploads/2023/04/DeviceSignout-KV-keteWEB-768x768.png]
[netsafe.org.nz/wp-content/plugins/kadence-blocks/dist/style-blocks-spacer.css]
[netsafe.org.nz/digital-device-sign-out-for-home-learning/index.html]
[netsafe.org.nz/wp-content/plugins/simple-social-icons/symbol-defs.svg]
[netsafe.org.nz/aboutnetsafe/index.html]
[netsafe.org.nz/wp-content/themes/kadence/assets/js/navigation.min.js]
[netsafe.org.nz/aboutnetsafe/our-story/e.src]
[netsafe.org.nz/aboutnetsafe/our-story/Firefox/index.html]
[netsafe.org.nz/index6060.html]
[netsafe.org.nz/wp-json/oembed/1.0/embed9e35]
[netsafe.org.nz/wp-json/oembed/1.0/embed4b64]
[netsafe.org.nz/aboutnetsafe/our-story/index.html]
[netsafe.org.nz/aboutnetsafe/the-netsafe-team/e.src]
[netsafe.org.nz/aboutnetsafe/the-netsafe-team/Firefox/index.html]
[netsafe.org.nz/wp-json/oembed/1.0/embedb5f3]
[netsafe.org.nz/indexd1a7.html]
[netsafe.org.nz/wp-json/oembed/1.0/embeda974]
[netsafe.org.nz/aboutnetsafe/the-netsafe-team/index.html]
[netsafe.org.nz/aboutnetsafe/our-service/e.src]
[netsafe.org.nz/wp-json/oembed/1.0/embeddc63]
[netsafe.org.nz/wp-json/oembed/1.0/embed6d07]
[netsafe.org.nz/indexae11.html]
[netsafe.org.nz/aboutnetsafe/our-service/Firefox/index.html]
[netsafe.org.nz/wp-content/uploads/2019/04/Netsafe-process-map.png]
[netsafe.org.nz/wp-content/uploads/2019/04/Netsafe-process-map-687x1024.png]
[netsafe.org.nz/cdn-cgi/l/email-protection.html]
[netsafe.org.nz/aboutnetsafe/our-service/index.html]
[netsafe.org.nz/cdn-cgi/scripts/5c5dd728/cloudflare-static/email-decode.min.js]
[netsafe.org.nz/aboutnetsafe/partners/e.src]
[netsafe.org.nz/wp-json/oembed/1.0/embed0099]
[netsafe.org.nz/index9c2b.html]
[netsafe.org.nz/wp-json/oembed/1.0/embed22ef]
[netsafe.org.nz/aboutnetsafe/partners/Firefox/index.html]
[netsafe.org.nz/wp-content/uploads/2023/03/Netsafe-project-summary-2023.pdf]
[netsafe.org.nz/wp-content/uploads/2023/02/Ministry-of-Justice-logo-300x112.webp]
[netsafe.org.nz/wp-content/uploads/2023/03/MOEducationNZ-logo_350x200-e1679904828518-300x137.png]
[netsafe.org.nz/wp-content/uploads/2023/03/twitch-logo-1-300x178.png]
[netsafe.org.nz/wp-content/uploads/2023/03/MinterEllisonRuddWatts_350x200-300x171-jpg.webp]
[netsafe.org.nz/aboutnetsafe/partners/index.html]
[netsafe.org.nz/aboutnetsafe/contribute-to-netsafe/index.html]
[netsafe.org.nz/our-work/index.html]
[netsafe.org.nz/our-work/netsafe-media-releases/index.html]
[netsafe.org.nz/annual-reports/index.html]
[netsafe.org.nz/advice/netsafe-lab/index.html]
[netsafe.org.nz/our-work/submissions-and-advocacy/index.html]
[netsafe.org.nz/events/index.html]
[netsafe.org.nz/our-work/online-safety-conference/index.html]
[netsafe.org.nz/safer-internet-day-2023/index.html]
[netsafe.org.nz/blog/index.html]
[netsafe.org.nz/advice/plain-language/index.html]
